[0;32mI (13) boot: ESP-IDF v5.2.2-dirty 2nd stage bootloader[0m
[0;32mI (13) boot: compile time Oct 12 2024 03:31:17[0m
[0;32mI (13) boot: Multicore bootloader[0m
[0;32mI (17) boot: chip revision: v3.1[0m
[0;32mI (21) boot.esp32: SPI Speed      : 40MHz[0m
[0;32mI (26) boot.esp32: SPI Mode       : DIO[0m
[0;32mI (30) boot.esp32: SPI Flash Size : 2MB[0m
[0;32mI (35) boot: Enabling RNG early entropy source...[0m
[0;32mI (40) boot: Partition Table:[0m
[0;32mI (44) boot: ## Label            Usage          Type ST Offset   Length[0m
[0;32mI (51) boot:  0 nvs              WiFi data        01 02 00009000 00006000[0m
[0;32mI (58) boot:  1 phy_init         RF data          01 01 0000f000 00001000[0m
[0;32mI (66) boot:  2 factory          factory app      00 00 00010000 00100000[0m
[0;32mI (73) boot: End of partition table[0m
[0;32mI (78) esp_image: segment 0: paddr=00010020 vaddr=3f400020 size=097fch ( 38908) map[0m
[0;32mI (99) esp_image: segment 1: paddr=00019824 vaddr=3ffb0000 size=02254h (  8788) load[0m
[0;32mI (103) esp_image: segment 2: paddr=0001ba80 vaddr=40080000 size=04598h ( 17816) load[0m
[0;32mI (112) esp_image: segment 3: paddr=00020020 vaddr=400d0020 size=13aa4h ( 80548) map[0m
[0;32mI (141) esp_image: segment 4: paddr=00033acc vaddr=40084598 size=081ech ( 33260) load[0m
[0;32mI (161) boot: Loaded app from partition at offset 0x10000[0m
[0;32mI (161) boot: Disabling RNG early entropy source...[0m
[0;32mI (172) cpu_start: Multicore app[0m
[0;32mI (181) cpu_start: Pro cpu start user code[0m
[0;32mI (181) cpu_start: cpu freq: 160000000 Hz[0m
[0;32mI (181) cpu_start: Application information:[0m
[0;32mI (184) cpu_start: Project name:     hello_world[0m
[0;32mI (189) cpu_start: App version:      1[0m
[0;32mI (194) cpu_start: Compile time:     Oct 12 2024 03:30:35[0m
[0;32mI (200) cpu_start: ELF file SHA256:  e772c4f1d...[0m
[0;32mI (205) cpu_start: ESP-IDF:          v5.2.2-dirty[0m
[0;32mI (211) cpu_start: Min chip rev:     v0.0[0m
[0;32mI (215) cpu_start: Max chip rev:     v3.99 [0m
[0;32mI (220) cpu_start: Chip rev:         v3.1[0m
[0;32mI (225) heap_init: Initializing. RAM available for dynamic allocation:[0m
[0;32mI (232) heap_init: At 3FFAE6E0 len 00001920 (6 KiB): DRAM[0m
[0;32mI (238) heap_init: At 3FFB2B18 len 0002D4E8 (181 KiB): DRAM[0m
[0;32mI (244) heap_init: At 3FFE0440 len 00003AE0 (14 KiB): D/IRAM[0m
[0;32mI (251) heap_init: At 3FFE4350 len 0001BCB0 (111 KiB): D/IRAM[0m
[0;32mI (257) heap_init: At 4008C784 len 0001387C (78 KiB): IRAM[0m
[0;32mI (265) spi_flash: detected chip: generic[0m
[0;32mI (268) spi_flash: flash io: dio[0m
[0;33mW (272) spi_flash: Detected size(4096k) larger than the size in the binary image header(2048k). Using the size in the binary image header.[0m
[0;32mI (286) main_task: Started on CPU0[0m
[0;32mI (296) main_task: Calling app_main()[0m
[0;32mI (296) main_task: Returned from app_main()[0m
[0;31mE (796) FreeRTOS: FreeRTOS Task "buzzer_task" should not return, Aborting now![0m

abort() was called at PC 0x40086043 on core 0


Backtrace: 0x400815ea:0x3ffb6260 0x400857c1:0x3ffb6280 0x4008b0c9:0x3ffb62a0 0x40086043:0x3ffb6310




ELF file SHA256: e772c4f1d

Rebooting...
[0;32mI (13) boot: ESP-IDF v5.2.2-dirty 2nd stage bootloader[0m
[0;32mI (13) boot: compile time Oct 12 2024 03:31:17[0m
[0;32mI (13) boot: Multicore bootloader[0m
[0;32mI (17) boot: chip revision: v3.1[0m
[0;32mI (21) boot.esp32: SPI Speed      : 40MHz[0m
[0;32mI (25) boot.esp32: SPI Mode       : DIO[0m
[0;32mI (30) boot.esp32: SPI Flash Size : 2MB[0m
[0;32mI (34) boot: Enabling RNG early entropy source...[0m
[0;32mI (40) boot: Partition Table:[0m
[0;32mI (43) boot: ## Label            Usage          Type ST Offset   Length[0m
[0;32mI (51) boot:  0 nvs              WiFi data        01 02 00009000 00006000[0m
[0;32mI (58) boot:  1 phy_init         RF data          01 01 0000f000 00001000[0m
[0;32mI (65) boot:  2 factory          factory app      00 00 00010000 00100000[0m
[0;32mI (73) boot: End of partition table[0m
[0;32mI (77) esp_image: segment 0: paddr=00010020 vaddr=3f400020 size=097fch ( 38908) map[0m
[0;32mI (99) esp_image: segment 1: paddr=00019824 vaddr=3ffb0000 size=02254h (  8788) load[0m
[0;32mI (102) esp_image: segment 2: paddr=0001ba80 vaddr=40080000 size=04598h ( 17816) load[0m
[0;32mI (112) esp_image: segment 3: paddr=00020020 vaddr=400d0020 size=13aa4h ( 80548) map[0m
[0;32mI (141) esp_image: segment 4: paddr=00033acc vaddr=40084598 size=081ech ( 33260) load[0m
[0;32mI (160) boot: Loaded app from partition at offset 0x10000[0m
[0;32mI (160) boot: Disabling RNG early entropy source...[0m
[0;32mI (172) cpu_start: Multicore app[0m
[0;32mI (181) cpu_start: Pro cpu start user code[0m
[0;32mI (181) cpu_start: cpu freq: 160000000 Hz[0m
[0;32mI (181) cpu_start: Application information:[0m
[0;32mI (184) cpu_start: Project name:     hello_world[0m
[0;32mI (189) cpu_start: App version:      1[0m
[0;32mI (193) cpu_start: Compile time:     Oct 12 2024 03:30:35[0m
[0;32mI (200) cpu_start: ELF file SHA256:  e772c4f1d...[0m
[0;32mI (205) cpu_start: ESP-IDF:          v5.2.2-dirty[0m
[0;32mI (210) cpu_start: Min chip rev:     v0.0[0m
[0;32mI (215) cpu_start: Max chip rev:     v3.99 [0m
[0;32mI (220) cpu_start: Chip rev:         v3.1[0m
[0;32mI (225) heap_init: Initializing. RAM available for dynamic allocation:[0m
[0;32mI (232) heap_init: At 3FFAE6E0 len 00001920 (6 KiB): DRAM[0m
[0;32mI (238) heap_init: At 3FFB2B18 len 0002D4E8 (181 KiB): DRAM[0m
[0;32mI (244) heap_init: At 3FFE0440 len 00003AE0 (14 KiB): D/IRAM[0m
[0;32mI (250) heap_init: At 3FFE4350 len 0001BCB0 (111 KiB): D/IRAM[0m
[0;32mI (257) heap_init: At 4008C784 len 0001387C (78 KiB): IRAM[0m
[0;32mI (264) spi_flash: detected chip: generic[0m
[0;32mI (268) spi_flash: flash io: dio[0m
[0;33mW (272) spi_flash: Detected size(4096k) larger than the size in the binary image header(2048k). Using the size in the binary image header.[0m
[0;32mI (286) main_task: Started on CPU0[0m
[0;32mI (296) main_task: Calling app_main()[0m
[0;32mI (296) main_task: Returned from app_main()[0m
[0;31mE (796) FreeRTOS: FreeRTOS Task "buzzer_task" should not return, Aborting now![0m

abort() was called at PC 0x40086043 on core 0


Backtrace: 0x400815ea:0x3ffb6260 0x400857c1:0x3ffb6280 0x4008b0c9:0x3ffb62a0 0x40086043:0x3ffb6310




ELF file SHA256: e772c4f1d

Rebooting...
[0;32mI (13) boot: ESP-IDF v5.2.2-dirty 2nd stage bootloader[0m
[0;32mI (13) boot: compile time Oct 12 2024 03:31:17[0m
[0;32mI (13) boot: Multicore bootloader[0m
[0;32mI (17) boot: chip revision: v3.1[0m
[0;32mI (21) boot.esp32: SPI Speed      : 40MHz[0m
[0;32mI (25) boot.esp32: SPI Mode       : DIO[0m
[0;32mI (30) boot.esp32: SPI Flash Size : 2MB[0m
[0;32mI (34) boot: Enabling RNG early entropy source...[0m
[0;32mI (40) boot: Partition Table:[0m
[0;32mI (43) boot: ## Label            Usage          Type ST Offset   Length[0m
[0;32mI (51) boot:  0 nvs              WiFi data        01 02 00009000 00006000[0m
[0;32mI (58) boot:  1 phy_init         RF data          01 01 0000f000 00001000[0m
[0;32mI (65) boot:  2 factory          factory app      00 00 00010000 00100000[0m
[0;32mI (73) boot: End of partition table[0m
[0;32mI (77) esp_image: segment 0: paddr=00010020 vaddr=3f400020 size=097fch ( 38908) map[0m
[0;32mI (99) esp_image: segment 1: paddr=00019824 vaddr=3ffb0000 size=02254h (  8788) load[0m
[0;32mI (102) esp_image: segment 2: paddr=0001ba80 vaddr=40080000 size=04598h ( 17816) load[0m
[0;32mI (112) esp_image: segment 3: paddr=00020020 vaddr=400d0020 size=13aa4h ( 80548) map[0m
[0;32mI (141) esp_image: segment 4: paddr=00033acc vaddr=40084598 size=081ech ( 33260) load[0m
[0;32mI (160) boot: Loaded app from partition at offset 0x10000[0m
[0;32mI (160) boot: Disabling RNG early entropy source...[0m
[0;32mI (172) cpu_start: Multicore app[0m
[0;32mI (181) cpu_start: Pro cpu start user code[0m
[0;32mI (181) cpu_start: cpu freq: 160000000 Hz[0m
[0;32mI (181) cpu_start: Application information:[0m
[0;32mI (184) cpu_start: Project name:     hello_world[0m
[0;32mI (189) cpu_start: App version:      1[0m
[0;32mI (193) cpu_start: Compile time:     Oct 12 2024 03:30:35[0m
[0;32mI (200) cpu_start: ELF file SHA256:  e772c4f1d...[0m
[0;32mI (205) cpu_start: ESP-IDF:          v5.2.2-dirty[0m
[0;32mI (210) cpu_start: Min chip rev:     v0.0[0m
[0;32mI (215) cpu_start: Max chip rev:     v3.99 [0m
[0;32mI (220) cpu_start: Chip rev:         v3.1[0m
[0;32mI (225) heap_init: Initializing. RAM available for dynamic allocation:[0m
[0;32mI (232) heap_init: At 3FFAE6E0 len 00001920 (6 KiB): DRAM[0m
[0;32mI (238) heap_init: At 3FFB2B18 len 0002D4E8 (181 KiB): DRAM[0m
[0;32mI (244) heap_init: At 3FFE0440 len 00003AE0 (14 KiB): D/IRAM[0m
[0;32mI (250) heap_init: At 3FFE4350 len 0001BCB0 (111 KiB): D/IRAM[0m
[0;32mI (257) heap_init: At 4008C784 len 0001387C (78 KiB): IRAM[0m
[0;32mI (265) spi_flash: detected chip: generic[0m
[0;32mI (268) spi_flash: flash io: dio[0m
[0;33mW (272) spi_flash: Detected size(4096k) larger than the size in the binary image header(2048k). Using the size in the binary image header.[0m
[0;32mI (286) main_task: Started on CPU0[0m
[0;32mI (296) main_task: Calling app_main()[0m
[0;32mI (296) main_task: Returned from app_main()[0m
[0;31mE (796) FreeRTOS: FreeRTOS Task "buzzer_task" should not return, Aborting now![0m

abort() was called at PC 0x40086043 on core 0


Backtrace: 0x400815ea:0x3ffb6260 0x400857c1:0x3ffb6280 0x4008b0c9:0x3ffb62a0 0x40086043:0x3ffb6310




ELF file SHA256: e772c4f1d

Rebooting...
[0;32mI (13) boot: ESP-IDF v5.2.2-dirty 2nd stage bootloader[0m
[0;32mI (13) boot: compile time Oct 12 2024 03:31:17[0m
[0;32mI (13) boot: Multicore bootloader[0m
[0;32mI (17) boot: chip revision: v3.1[0m
[0;32mI (21) boot.esp32: SPI Speed      : 40MHz[0m
[0;32mI (25) boot.esp32: SPI Mode       : DIO[0m
[0;32mI (30) boot.esp32: SPI Flash Size : 2MB[0m
[0;32mI (34) boot: Enabling RNG early entropy source...[0m
[0;32mI (40) boot: Partition Table:[0m
[0;32mI (43) boot: ## Label            Usage          Type ST Offset   Length[0m
[0;32mI (51) boot:  0 nvs              WiFi data        01 02 00009000 00006000[0m
[0;32mI (58) boot:  1 phy_init         RF data          01 01 0000f000 00001000[0m
[0;32mI (65) boot:  2 factory          factory app      00 00 00010000 00100000[0m
[0;32mI (73) boot: End of partition table[0m
[0;32mI (77) esp_image: segment 0: paddr=00010020 vaddr=3f400020 size=097fch ( 38908) map[0m
[0;32mI (99) esp_image: segment 1: paddr=00019824 vaddr=3ffb0000 size=02254h (  8788) load[0m
[0;32mI (102) esp_image: segment 2: paddr=0001ba80 vaddr=40080000 size=04598h ( 17816) load[0m
[0;32mI (112) esp_image: segment 3: paddr=00020020 vaddr=400d0020 size=13aa4h ( 80548) map[0m
[0;32mI (141) esp_image: segment 4: paddr=00033acc vaddr=40084598 size=081ech ( 33260) load[0m
[0;32mI (160) boot: Loaded app from partition at offset 0x10000[0m
[0;32mI (160) boot: Disabling RNG early entropy source...[0m
[0;32mI (172) cpu_start: Multicore app[0m
[0;32mI (181) cpu_start: Pro cpu start user code[0m
[0;32mI (181) cpu_start: cpu freq: 160000000 Hz[0m
[0;32mI (181) cpu_start: Application information:[0m
[0;32mI (184) cpu_start: Project name:     hello_world[0m
[0;32mI (189) cpu_start: App version:      1[0m
[0;32mI (193) cpu_start: Compile time:     Oct 12 2024 03:30:35[0m
[0;32mI (200) cpu_start: ELF file SHA256:  e772c4f1d...[0m
[0;32mI (205) cpu_start: ESP-IDF:          v5.2.2-dirty[0m
[0;32mI (210) cpu_start: Min chip rev:     v0.0[0m
[0;32mI (215) cpu_start: Max chip rev:     v3.99 [0m
[0;32mI (220) cpu_start: Chip rev:         v3.1[0m
[0;32mI (225) heap_init: Initializing. RAM available for dynamic allocation:[0m
[0;32mI (232) heap_init: At 3FFAE6E0 len 00001920 (6 KiB): DRAM[0m
[0;32mI (238) heap_init: At 3FFB2B18 len 0002D4E8 (181 KiB): DRAM[0m
[0;32mI (244) heap_init: At 3FFE0440 len 00003AE0 (14 KiB): D/IRAM[0m
[0;32mI (250) heap_init: At 3FFE4350 len 0001BCB0 (111 KiB): D/IRAM[0m
[0;32mI (257) heap_init: At 4008C784 len 0001387C (78 KiB): IRAM[0m
[0;32mI (265) spi_flash: detected chip: generic[0m
[0;32mI (268) spi_flash: flash io: dio[0m
[0;33mW (272) spi_flash: Detected size(4096k) larger than the size in the binary image header(2048k). Using the size in the binary image header.[0m
[0;32mI (286) main_task: Started on CPU0[0m
[0;32mI (296) main_task: Calling app_main()[0m
[0;32mI (296) main_task: Returned from app_main()[0m
[0;31mE (796) FreeRTOS: FreeRTOS Task "buzzer_task" should not return, Aborting now![0m

abort() was called at PC 0x40086043 on core 0


Backtrace: 0x400815ea:0x3ffb6260 0x400857c1:0x3ffb6280 0x4008b0c9:0x3ffb62a0 0x40086043:0x3ffb6310




ELF file SHA256: e772c4f1d

Rebooting...
[0;32mI (13) boot: ESP-IDF v5.2.2-dirty 2nd stage bootloader[0m
[0;32mI (13) boot: compile time Oct 12 2024 03:31:17[0m
[0;32mI (13) boot: Multicore bootloader[0m
[0;32mI (17) boot: chip revision: v3.1[0m
[0;32mI (21) boot.esp32: SPI Speed      : 40MHz[0m
[0;32mI (25) boot.esp32: SPI Mode       : DIO[0m
[0;32mI (30) boot.esp32: SPI Flash Size : 2MB[0m
[0;32mI (34) boot: Enabling RNG early entropy source...[0m
[0;32mI (40) boot: Partition Table:[0m
[0;32mI (43) boot: ## Label            Usage          Type ST Offset   Length[0m
[0;32mI (51) boot:  0 nvs              WiFi data        01 02 00009000 00006000[0m
[0;32mI (58) boot:  1 phy_init         RF data          01 01 0000f000 00001000[0m
[0;32mI (65) boot:  2 factory          factory app      00 00 00010000 00100000[0m
[0;32mI (73) boot: End of partition table[0m
[0;32mI (77) esp_image: segment 0: paddr=00010020 vaddr=3f400020 size=097fch ( 38908) map[0m
[0;32mI (99) esp_image: segment 1: paddr=00019824 vaddr=3ffb0000 size=02254h (  8788) load[0m
[0;32mI (102) esp_image: segment 2: paddr=0001ba80 vaddr=40080000 size=04598h ( 17816) load[0m
[0;32mI (112) esp_image: segment 3: paddr=00020020 vaddr=400d0020 size=13aa4h ( 80548) map[0m
[0;32mI (141) esp_image: segment 4: paddr=00033acc vaddr=40084598 size=081ech ( 33260) load[0m
[0;32mI (160) boot: Loaded app from partition at offset 0x10000[0m
[0;32mI (160) boot: Disabling RNG early entropy source...[0m
[0;32mI (172) cpu_start: Multicore app[0m
[0;32mI (181) cpu_start: Pro cpu start user code[0m
[0;32mI (181) cpu_start: cpu freq: 160000000 Hz[0m
[0;32mI (181) cpu_start: Application information:[0m
[0;32mI (184) cpu_start: Project name:     hello_world[0m
[0;32mI (189) cpu_start: App version:      1[0m
[0;32mI (193) cpu_start: Compile time:     Oct 12 2024 03:30:35[0m
[0;32mI (200) cpu_start: ELF file SHA256:  e772c4f1d...[0m
[0;32mI (205) cpu_start: ESP-IDF:          v5.2.2-dirty[0m
[0;32mI (210) cpu_start: Min chip rev:     v0.0[0m
[0;32mI (215) cpu_start: Max chip rev:     v3.99 [0m
[0;32mI (220) cpu_start: Chip rev:         v3.1[0m
[0;32mI (225) heap_init: Initializing. RAM available for dynamic allocation:[0m
[0;32mI (232) heap_init: At 3FFAE6E0 len 00001920 (6 KiB): DRAM[0m
[0;32mI (238) heap_init: At 3FFB2B18 len 0002D4E8 (181 KiB): DRAM[0m
[0;32mI (244) heap_init: At 3FFE0440 len 00003AE0 (14 KiB): D/IRAM[0m
[0;32mI (250) heap_init: At 3FFE4350 len 0001BCB0 (111 KiB): D/IRAM[0m
[0;32mI (257) heap_init: At 4008C784 len 0001387C (78 KiB): IRAM[0m
[0;32mI (265) spi_flash: detected chip: generic[0m
[0;32mI (268) spi_flash: flash io: dio[0m
[0;33mW (272) spi_flash: Detected size(4096k) larger than the size in the binary image header(2048k). Using the size in the binary image header.[0m
[0;32mI (286) main_task: Started on CPU0[0m
[0;32mI (296) main_task: Calling app_main()[0m
[0;32mI (296) main_task: Returned from app_main()[0m
[0;31mE (796) FreeRTOS: FreeRTOS Task "buzzer_task" should not return, Aborting now![0m

abort() was called at PC 0x40086043 on core 0


Backtrace: 0x400815ea:0x3ffb6260 0x400857c1:0x3ffb6280 0x4008b0c9:0x3ffb62a0 0x40086043:0x3ffb6310




ELF file SHA256: e772c4f1d

Rebooting...
[0;32mI (13) boot: ESP-IDF v5.2.2-dirty 2nd stage bootloader[0m
[0;32mI (13) boot: compile time Oct 12 2024 03:31:17[0m
[0;32mI (13) boot: Multicore bootloader[0m
[0;32mI (17) boot: chip revision: v3.1[0m
[0;32mI (21) boot.esp32: SPI Speed      : 40MHz[0m
[0;32mI (25) boot.esp32: SPI Mode       : DIO[0m
[0;32mI (30) boot.esp32: SPI Flash Size : 2MB[0m
[0;32mI (34) boot: Enabling RNG early entropy source...[0m
[0;32mI (40) boot: Partition Table:[0m
[0;32mI (43) boot: ## Label            Usage          Type ST Offset   Length[0m
[0;32mI (51) boot:  0 nvs              WiFi data        01 02 00009000 00006000[0m
[0;32mI (58) boot:  1 phy_init         RF data          01 01 0000f000 00001000[0m
[0;32mI (65) boot:  2 factory          factory app      00 00 00010000 00100000[0m
[0;32mI (73) boot: End of partition table[0m
[0;32mI (77) esp_image: segment 0: paddr=00010020 vaddr=3f400020 size=097fch ( 38908) map[0m
[0;32mI (99) esp_image: segment 1: paddr=00019824 vaddr=3ffb0000 size=02254h (  8788) load[0m
[0;32mI (102) esp_image: segment 2: paddr=0001ba80 vaddr=40080000 size=04598h ( 17816) load[0m
[0;32mI (112) esp_image: segment 3: paddr=00020020 vaddr=400d0020 size=13aa4h ( 80548) map[0m
[0;32mI (141) esp_image: segment 4: paddr=00033acc vaddr=40084598 size=081ech ( 33260) load[0m
[0;32mI (160) boot: Loaded app from partition at offset 0x10000[0m
[0;32mI (160) boot: Disabling RNG early entropy source...[0m
[0;32mI (172) cpu_start: Multicore app[0m
[0;32mI (181) cpu_start: Pro cpu start user code[0m
[0;32mI (181) cpu_start: cpu freq: 160000000 Hz[0m
[0;32mI (181) cpu_start: Application information:[0m
[0;32mI (184) cpu_start: Project name:     hello_world[0m
[0;32mI (189) cpu_start: App version:      1[0m
[0;32mI (193) cpu_start: Compile time:     Oct 12 2024 03:30:35[0m
[0;32mI (200) cpu_start: ELF file SHA256:  e772c4f1d...[0m
[0;32mI (205) cpu_start: ESP-IDF:          v5.2.2-dirty[0m
[0;32mI (210) cpu_start: Min chip rev:     v0.0[0m
[0;32mI (215) cpu_start: Max chip rev:     v3.99 [0m
[0;32mI (220) cpu_start: Chip rev:         v3.1[0m
[0;32mI (225) heap_init: Initializing. RAM available for dynamic allocation:[0m
[0;32mI (232) heap_init: At 3FFAE6E0 len 00001920 (6 KiB): DRAM[0m
[0;32mI (238) heap_init: At 3FFB2B18 len 0002D4E8 (181 KiB): DRAM[0m
[0;32mI (244) heap_init: At 3FFE0440 len 00003AE0 (14 KiB): D/IRAM[0m
[0;32mI (250) heap_init: At 3FFE4350 len 0001BCB0 (111 KiB): D/IRAM[0m
[0;32mI (257) heap_init: At 4008C784 len 0001387C (78 KiB): IRAM[0m
[0;32mI (265) spi_flash: detected chip: generic[0m
[0;32mI (268) spi_flash: flash io: dio[0m
[0;33mW (272) spi_flash: Detected size(4096k) larger than the size in the binary image header(2048k). Using the size in the binary image header.[0m
[0;32mI (286) main_task: Started on CPU0[0m
[0;32mI (296) main_task: Calling app_main()[0m
[0;32mI (296) main_task: Returned from app_main()[0m
[0;31mE (796) FreeRTOS: FreeRTOS Task "buzzer_task" should not return, Aborting now![0m

abort() was called at PC 0x40086043 on core 0


Backtrace: 0x400815ea:0x3ffb6260 0x400857c1:0x3ffb6280 0x4008b0c9:0x3ffb62a0 0x40086043:0x3ffb6310




ELF file SHA256: e772c4f1d

Rebooting...
[0;32mI (13) boot: ESP-IDF v5.2.2-dirty 2nd stage bootloader[0m
[0;32mI (13) boot: compile time Oct 12 2024 03:31:17[0m
[0;32mI (13) boot: Multicore bootloader[0m
[0;32mI (17) boot: chip revision: v3.1[0m
[0;32mI (21) boot.esp32: SPI Speed      : 40MHz[0m
[0;32mI (25) boot.esp32: SPI Mode       : DIO[0m
[0;32mI (30) boot.esp32: SPI Flash Size : 2MB[0m
[0;32mI (34) boot: Enabling RNG early entropy source...[0m
[0;32mI (40) boot: Partition Table:[0m
[0;32mI (43) boot: ## Label            Usage          Type ST Offset   Length[0m
[0;32mI (51) boot:  0 nvs              WiFi data        01 02 00009000 00006000[0m
[0;32mI (58) boot:  1 phy_init         RF data          01 01 0000f000 00001000[0m
[0;32mI (65) boot:  2 factory          factory app      00 00 00010000 00100000[0m
[0;32mI (73) boot: End of partition table[0m
[0;32mI (77) esp_image: segment 0: paddr=00010020 vaddr=3f400020 size=097fch ( 38908) map[0m
[0;32mI (99) esp_image: segment 1: paddr=00019824 vaddr=3ffb0000 size=02254h (  8788) load[0m
[0;32mI (102) esp_image: segment 2: paddr=0001ba80 vaddr=40080000 size=04598h ( 17816) load[0m
[0;32mI (112) esp_image: segment 3: paddr=00020020 vaddr=400d0020 size=13aa4h ( 80548) map[0m
[0;32mI (141) esp_image: segment 4: paddr=00033acc vaddr=40084598 size=081ech ( 33260) load[0m
[0;32mI (160) boot: Loaded app from partition at offset 0x10000[0m
[0;32mI (160) boot: Disabling RNG early entropy source...[0m
[0;32mI (172) cpu_start: Multicore app[0m
[0;32mI (181) cpu_start: Pro cpu start user code[0m
[0;32mI (181) cpu_start: cpu freq: 160000000 Hz[0m
[0;32mI (181) cpu_start: Application information:[0m
[0;32mI (184) cpu_start: Project name:     hello_world[0m
[0;32mI (189) cpu_start: App version:      1[0m
[0;32mI (193) cpu_start: Compile time:     Oct 12 2024 03:30:35[0m
[0;32mI (200) cpu_start: ELF file SHA256:  e772c4f1d...[0m
[0;32mI (205) cpu_start: ESP-IDF:          v5.2.2-dirty[0m
[0;32mI (210) cpu_start: Min chip rev:     v0.0[0m
[0;32mI (215) cpu_start: Max chip rev:     v3.99 [0m
[0;32mI (220) cpu_start: Chip rev:         v3.1[0m
[0;32mI (225) heap_init: Initializing. RAM available for dynamic allocation:[0m
[0;32mI (232) heap_init: At 3FFAE6E0 len 00001920 (6 KiB): DRAM[0m
[0;32mI (238) heap_init: At 3FFB2B18 len 0002D4E8 (181 KiB): DRAM[0m
[0;32mI (244) heap_init: At 3FFE0440 len 00003AE0 (14 KiB): D/IRAM[0m
[0;32mI (250) heap_init: At 3FFE4350 len 0001BCB0 (111 KiB): D/IRAM[0m
[0;32mI (257) heap_init: At 4008C784 len 0001387C (78 KiB): IRAM[0m
[0;32mI (265) spi_flash: detected chip: generic[0m
[0;32mI (268) spi_flash: flash io: dio[0m
[0;33mW (272) spi_flash: Detected size(4096k) larger than the size in the binary image header(2048k). Using the size in the binary image header.[0m
[0;32mI (286) main_task: Started on CPU0[0m
[0;32mI (296) main_task: Calling app_main()[0m
[0;32mI (296) main_task: Returned from app_main()[0m
[0;31mE (796) FreeRTOS: FreeRTOS Task "buzzer_task" should not return, Aborting now![0m

abort() was called at PC 0x40086043 on core 0


Backtrace: 0x400815ea:0x3ffb6260 0x400857c1:0x3ffb6280 0x4008b0c9:0x3ffb62a0 0x40086043:0x3ffb6310




ELF file SHA256: e772c4f1d

Rebooting...
[0;32mI (13) boot: ESP-IDF v5.2.2-dirty 2nd stage bootloader[0m
[0;32mI (13) boot: compile time Oct 12 2024 03:31:17[0m
[0;32mI (13) boot: Multicore bootloader[0m
[0;32mI (17) boot: chip revision: v3.1[0m
[0;32mI (21) boot.esp32: SPI Speed      : 40MHz[0m
[0;32mI (25) boot.esp32: SPI Mode       : DIO[0m
[0;32mI (30) boot.esp32: SPI Flash Size : 2MB[0m
[0;32mI (34) boot: Enabling RNG early entropy source...[0m
[0;32mI (40) boot: Partition Table:[0m
[0;32mI (43) boot: ## Label            Usage          Type ST Offset   Length[0m
[0;32mI (51) boot:  0 nvs              WiFi data        01 02 00009000 00006000[0m
[0;32mI (58) boot:  1 phy_init         RF data          01 01 0000f000 00001000[0m
[0;32mI (65) boot:  2 factory          factory app      00 00 00010000 00100000[0m
[0;32mI (73) boot: End of partition table[0m
[0;32mI (77) esp_image: segment 0: paddr=00010020 vaddr=3f400020 size=097fch ( 38908) map[0m
[0;32mI (99) esp_image: segment 1: paddr=00019824 vaddr=3ffb0000 size=02254h (  8788) load[0m
[0;32mI (102) esp_image: segment 2: paddr=0001ba80 vaddr=40080000 size=04598h ( 17816) load[0m
[0;32mI (112) esp_image: segment 3: paddr=00020020 vaddr=400d0020 size=13aa4h ( 80548) map[0m
[0;32mI (141) esp_image: segment 4: paddr=00033acc vaddr=40084598 size=081ech ( 33260) load[0m
[0;32mI (160) boot: Loaded app from partition at offset 0x10000[0m
[0;32mI (160) boot: Disabling RNG early entropy source...[0m
[0;32mI (172) cpu_start: Multicore app[0m
[0;32mI (181) cpu_start: Pro cpu start user code[0m
[0;32mI (181) cpu_start: cpu freq: 160000000 Hz[0m
[0;32mI (181) cpu_start: Application information:[0m
[0;32mI (184) cpu_start: Project name:     hello_world[0m
[0;32mI (189) cpu_start: App version:      1[0m
[0;32mI (193) cpu_start: Compile time:     Oct 12 2024 03:30:35[0m
[0;32mI (200) cpu_start: ELF file SHA256:  e772c4f1d...[0m
[0;32mI (205) cpu_start: ESP-IDF:          v5.2.2-dirty[0m
[0;32mI (210) cpu_start: Min chip rev:     v0.0[0m
[0;32mI (215) cpu_start: Max chip rev:     v3.99 [0m
[0;32mI (220) cpu_start: Chip rev:         v3.1[0m
[0;32mI (225) heap_init: Initializing. RAM available for dynamic allocation:[0m
[0;32mI (232) heap_init: At 3FFAE6E0 len 00001920 (6 KiB): DRAM[0m
[0;32mI (238) heap_init: At 3FFB2B18 len 0002D4E8 (181 KiB): DRAM[0m
[0;32mI (244) heap_init: At 3FFE0440 len 00003AE0 (14 KiB): D/IRAM[0m
[0;32mI (250) heap_init: At 3FFE4350 len 0001BCB0 (111 KiB): D/IRAM[0m
[0;32mI (257) heap_init: At 4008C784 len 0001387C (78 KiB): IRAM[0m
[0;32mI (265) spi_flash: detected chip: generic[0m
[0;32mI (268) spi_flash: flash io: dio[0m
[0;33mW (272) spi_flash: Detected size(4096k) larger than the size in the binary image header(2048k). Using the size in the binary image header.[0m
[0;32mI (286) main_task: Started on CPU0[0m
[0;32mI (296) main_task: Calling app_main()[0m
[0;32mI (296) main_task: Returned from app_main()[0m
[0;31mE (796) FreeRTOS: FreeRTOS Task "buzzer_task" should not return, Aborting now![0m

abort() was called at PC 0x40086043 on core 0


Backtrace: 0x400815ea:0x3ffb6260 0x400857c1:0x3ffb6280 0x4008b0c9:0x3ffb62a0 0x40086043:0x3ffb6310




ELF file SHA256: e772c4f1d

Rebooting...
[0;32mI (13) boot: ESP-IDF v5.2.2-dirty 2nd stage bootloader[0m
[0;32mI (13) boot: compile time Oct 12 2024 03:31:17[0m
[0;32mI (13) boot: Multicore bootloader[0m
[0;32mI (17) boot: chip revision: v3.1[0m
[0;32mI (21) boot.esp32: SPI Speed      : 40MHz[0m
[0;32mI (25) boot.esp32: SPI Mode       : DIO[0m
[0;32mI (30) boot.esp32: SPI Flash Size : 2MB[0m
[0;32mI (34) boot: Enabling RNG early entropy source...[0m
[0;32mI (40) boot: Partition Table:[0m
[0;32mI (43) boot: ## Label            Usage          Type ST Offset   Length[0m
[0;32mI (51) boot:  0 nvs              WiFi data        01 02 00009000 00006000[0m
[0;32mI (58) boot:  1 phy_init         RF data          01 01 0000f000 00001000[0m
[0;32mI (65) boot:  2 factory          factory app      00 00 00010000 00100000[0m
[0;32mI (73) boot: End of partition table[0m
[0;32mI (77) esp_image: segment 0: paddr=00010020 vaddr=3f400020 size=097fch ( 38908) map[0m
[0;32mI (99) esp_image: segment 1: paddr=00019824 vaddr=3ffb0000 size=02254h (  8788) load[0m
[0;32mI (102) esp_image: segment 2: paddr=0001ba80 vaddr=40080000 size=04598h ( 17816) load[0m
[0;32mI (112) esp_image: segment 3: paddr=00020020 vaddr=400d0020 size=13aa4h ( 80548) map[0m
[0;32mI (141) esp_image: segment 4: paddr=00033acc vaddr=40084598 size=081ech ( 33260) load[0m
[0;32mI (160) boot: Loaded app from partition at offset 0x10000[0m
[0;32mI (160) boot: Disabling RNG early entropy source...[0m
[0;32mI (172) cpu_start: Multicore app[0m
[0;32mI (181) cpu_start: Pro cpu start user code[0m
[0;32mI (181) cpu_start: cpu freq: 160000000 Hz[0m
[0;32mI (181) cpu_start: Application information:[0m
[0;32mI (184) cpu_start: Project name:     hello_world[0m
[0;32mI (189) cpu_start: App version:      1[0m
[0;32mI (193) cpu_start: Compile time:     Oct 12 2024 03:30:35[0m
[0;32mI (200) cpu_start: ELF file SHA256:  e772c4f1d...[0m
[0;32mI (205) cpu_start: ESP-IDF:          v5.2.2-dirty[0m
[0;32mI (210) cpu_start: Min chip rev:     v0.0[0m
[0;32mI (215) cpu_start: Max chip rev:     v3.99 [0m
[0;32mI (220) cpu_start: Chip rev:         v3.1[0m
[0;32mI (225) heap_init: Initializing. RAM available for dynamic allocation:[0m
[0;32mI (232) heap_init: At 3FFAE6E0 len 00001920 (6 KiB): DRAM[0m
[0;32mI (238) heap_init: At 3FFB2B18 len 0002D4E8 (181 KiB): DRAM[0m
[0;32mI (244) heap_init: At 3FFE0440 len 00003AE0 (14 KiB): D/IRAM[0m
[0;32mI (250) heap_init: At 3FFE4350 len 0001BCB0 (111 KiB): D/IRAM[0m
[0;32mI (257) heap_init: At 4008C784 len 0001387C (78 KiB): IRAM[0m
[0;32mI (265) spi_flash: detected chip: generic[0m
[0;32mI (268) spi_flash: flash io: dio[0m
[0;33mW (272) spi_flash: Detected size(4096k) larger than the size in the binary image header(2048k). Using the size in the binary image header.[0m
[0;32mI (286) main_task: Started on CPU0[0m
[0;32mI (296) main_task: Calling app_main()[0m
[0;32mI (296) main_task: Returned from app_main()[0m
[0;31mE (796) FreeRTOS: FreeRTOS Task "buzzer_task" should not return, Aborting now![0m

abort() was called at PC 0x40086043 on core 0


Backtrace: 0x400815ea:0x3ffb6260 0x400857c1:0x3ffb6280 0x4008b0c9:0x3ffb62a0 0x40086043:0x3ffb6310




ELF file SHA256: e772c4f1d

Rebooting...
[0;32mI (13) boot: ESP-IDF v5.2.2-dirty 2nd stage bootloader[0m
[0;32mI (13) boot: compile time Oct 12 2024 03:31:17[0m
[0;32mI (13) boot: Multicore bootloader[0m
[0;32mI (17) boot: chip revision: v3.1[0m
[0;32mI (21) boot.esp32: SPI Speed      : 40MHz[0m
[0;32mI (25) boot.esp32: SPI Mode       : DIO[0m
[0;32mI (30) boot.esp32: SPI Flash Size : 2MB[0m
[0;32mI (34) boot: Enabling RNG early entropy source...[0m
[0;32mI (40) boot: Partition Table:[0m
[0;32mI (43) boot: ## Label            Usage          Type ST Offset   Length[0m
[0;32mI (51) boot:  0 nvs              WiFi data        01 02 00009000 00006000[0m
[0;32mI (58) boot:  1 phy_init         RF data          01 01 0000f000 00001000[0m
[0;32mI (65) boot:  2 factory          factory app      00 00 00010000 00100000[0m
[0;32mI (73) boot: End of partition table[0m
[0;32mI (77) esp_image: segment 0: paddr=00010020 vaddr=3f400020 size=097fch ( 38908) map[0m
[0;32mI (99) esp_image: segment 1: paddr=00019824 vaddr=3ffb0000 size=02254h (  8788) load[0m
[0;32mI (102) esp_image: segment 2: paddr=0001ba80 vaddr=40080000 size=04598h ( 17816) load[0m
[0;32mI (112) esp_image: segment 3: paddr=00020020 vaddr=400d0020 size=13aa4h ( 80548) map[0m
[0;32mI (141) esp_image: segment 4: paddr=00033acc vaddr=40084598 size=081ech ( 33260) load[0m
[0;32mI (160) boot: Loaded app from partition at offset 0x10000[0m
[0;32mI (160) boot: Disabling RNG early entropy source...[0m
[0;32mI (172) cpu_start: Multicore app[0m
[0;32mI (181) cpu_start: Pro cpu start user code[0m
[0;32mI (181) cpu_start: cpu freq: 160000000 Hz[0m
[0;32mI (181) cpu_start: Application information:[0m
[0;32mI (184) cpu_start: Project name:     hello_world[0m
[0;32mI (189) cpu_start: App version:      1[0m
[0;32mI (193) cpu_start: Compile time:     Oct 12 2024 03:30:35[0m
[0;32mI (200) cpu_start: ELF file SHA256:  e772c4f1d...[0m
[0;32mI (205) cpu_start: ESP-IDF:          v5.2.2-dirty[0m
[0;32mI (210) cpu_start: Min chip rev:     v0.0[0m
[0;32mI (215) cpu_start: Max chip rev:     v3.99 [0m
[0;32mI (220) cpu_start: Chip rev:         v3.1[0m
[0;32mI (225) heap_init: Initializing. RAM available for dynamic allocation:[0m
[0;32mI (232) heap_init: At 3FFAE6E0 len 00001920 (6 KiB): DRAM[0m
[0;32mI (238) heap_init: At 3FFB2B18 len 0002D4E8 (181 KiB): DRAM[0m
[0;32mI (244) heap_init: At 3FFE0440 len 00003AE0 (14 KiB): D/IRAM[0m
[0;32mI (250) heap_init: At 3FFE4350 len 0001BCB0 (111 KiB): D/IRAM[0m
[0;32mI (257) heap_init: At 4008C784 len 0001387C (78 KiB): IRAM[0m
[0;32mI (265) spi_flash: detected chip: generic[0m
[0;32mI (268) spi_flash: flash io: dio[0m
[0;33mW (272) spi_flash: Detected size(4096k) larger than the size in the binary image header(2048k). Using the size in the binary image header.[0m
[0;32mI (286) main_task: Started on CPU0[0m
[0;32mI (296) main_task: Calling app_main()[0m
[0;32mI (296) main_task: Returned from app_main()[0m
[0;31mE (796) FreeRTOS: FreeRTOS Task "buzzer_task" should not return, Aborting now![0m

abort() was called at PC 0x40086043 on core 0


Backtrace: 0x400815ea:0x3ffb6260 0x400857c1:0x3ffb6280 0x4008b0c9:0x3ffb62a0 0x40086043:0x3ffb6310




ELF file SHA256: e772c4f1d

Rebooting...
[0;32mI (13) boot: ESP-IDF v5.2.2-dirty 2nd stage bootloader[0m
[0;32mI (13) boot: compile time Oct 12 2024 03:31:17[0m
[0;32mI (13) boot: Multicore bootloader[0m
[0;32mI (17) boot: chip revision: v3.1[0m
[0;32mI (21) boot.esp32: SPI Speed      : 40MHz[0m
[0;32mI (25) boot.esp32: SPI Mode       : DIO[0m
[0;32mI (30) boot.esp32: SPI Flash Size : 2MB[0m
[0;32mI (34) boot: Enabling RNG early entropy source...[0m
[0;32mI (40) boot: Partition Table:[0m
[0;32mI (43) boot: ## Label            Usage          Type ST Offset   Length[0m
[0;32mI (51) boot:  0 nvs              WiFi data        01 02 00009000 00006000[0m
[0;32mI (58) boot:  1 phy_init         RF data          01 01 0000f000 00001000[0m
[0;32mI (65) boot:  2 factory          factory app      00 00 00010000 00100000[0m
[0;32mI (73) boot: End of partition table[0m
[0;32mI (77) esp_image: segment 0: paddr=00010020 vaddr=3f400020 size=097fch ( 38908) map[0m
[0;32mI (99) esp_image: segment 1: paddr=00019824 vaddr=3ffb0000 size=02254h (  8788) load[0m
[0;32mI (102) esp_image: segment 2: paddr=0001ba80 vaddr=40080000 size=04598h ( 17816) load[0m
[0;32mI (112) esp_image: segment 3: paddr=00020020 vaddr=400d0020 size=13aa4h ( 80548) map[0m
[0;32mI (141) esp_image: segment 4: paddr=00033acc vaddr=40084598 size=081ech ( 33260) load[0m
[0;32mI (160) boot: Loaded app from partition at offset 0x10000[0m
[0;32mI (160) boot: Disabling RNG early entropy source...[0m
[0;32mI (172) cpu_start: Multicore app[0m
[0;32mI (181) cpu_start: Pro cpu start user code[0m
[0;32mI (181) cpu_start: cpu freq: 160000000 Hz[0m
[0;32mI (181) cpu_start: Application information:[0m
[0;32mI (184) cpu_start: Project name:     hello_world[0m
[0;32mI (189) cpu_start: App version:      1[0m
[0;32mI (193) cpu_start: Compile time:     Oct 12 2024 03:30:35[0m
[0;32mI (200) cpu_start: ELF file SHA256:  e772c4f1d...[0m
[0;32mI (205) cpu_start: ESP-IDF:          v5.2.2-dirty[0m
[0;32mI (210) cpu_start: Min chip rev:     v0.0[0m
[0;32mI (215) cpu_start: Max chip rev:     v3.99 [0m
[0;32mI (220) cpu_start: Chip rev:         v3.1[0m
[0;32mI (225) heap_init: Initializing. RAM available for dynamic allocation:[0m
[0;32mI (232) heap_init: At 3FFAE6E0 len 00001920 (6 KiB): DRAM[0m
[0;32mI (238) heap_init: At 3FFB2B18 len 0002D4E8 (181 KiB): DRAM[0m
[0;32mI (244) heap_init: At 3FFE0440 len 00003AE0 (14 KiB): D/IRAM[0m
[0;32mI (250) heap_init: At 3FFE4350 len 0001BCB0 (111 KiB): D/IRAM[0m
[0;32mI (257) heap_init: At 4008C784 len 0001387C (78 KiB): IRAM[0m
[0;32mI (265) spi_flash: detected chip: generic[0m
[0;32mI (268) spi_flash: flash io: dio[0m
[0;33mW (272) spi_flash: Detected size(4096k) larger than the size in the binary image header(2048k). Using the size in the binary image header.[0m
[0;32mI (286) main_task: Started on CPU0[0m
[0;32mI (296) main_task: Calling app_main()[0m
[0;32mI (296) main_task: Returned from app_main()[0m
[0;31mE (796) FreeRTOS: FreeRTOS Task "buzzer_task" should not return, Aborting now![0m

abort() was called at PC 0x40086043 on core 0


Backtrace: 0x400815ea:0x3ffb6260 0x400857c1:0x3ffb6280 0x4008b0c9:0x3ffb62a0 0x40086043:0x3ffb6310




ELF file SHA256: e772c4f1d

Rebooting...
[0;32mI (13) boot: ESP-IDF v5.2.2-dirty 2nd stage bootloader[0m
[0;32mI (13) boot: compile time Oct 12 2024 03:31:17[0m
[0;32mI (13) boot: Multicore bootloader[0m
[0;32mI (17) boot: chip revision: v3.1[0m
[0;32mI (21) boot.esp32: SPI Speed      : 40MHz[0m
[0;32mI (25) boot.esp32: SPI Mode       : DIO[0m
[0;32mI (30) boot.esp32: SPI Flash Size : 2MB[0m
[0;32mI (34) boot: Enabling RNG early entropy source...[0m
[0;32mI (40) boot: Partition Table:[0m
[0;32mI (43) boot: ## Label            Usage          Type ST Offset   Length[0m
[0;32mI (51) boot:  0 nvs              WiFi data        01 02 00009000 00006000[0m
[0;32mI (58) boot:  1 phy_init         RF data          01 01 0000f000 00001000[0m
[0;32mI (65) boot:  2 factory          factory app      00 00 00010000 00100000[0m
[0;32mI (73) boot: End of partition table[0m
[0;32mI (77) esp_image: segment 0: paddr=00010020 vaddr=3f400020 size=097fch ( 38908) map[0m
[0;32mI (99) esp_image: segment 1: paddr=00019824 vaddr=3ffb0000 size=02254h (  8788) load[0m
[0;32mI (102) esp_image: segment 2: paddr=0001ba80 vaddr=40080000 size=04598h ( 17816) load[0m
[0;32mI (112) esp_image: segment 3: paddr=00020020 vaddr=400d0020 size=13aa4h ( 80548) map[0m
[0;32mI (141) esp_image: segment 4: paddr=00033acc vaddr=40084598 size=081ech ( 33260) load[0m
[0;32mI (160) boot: Loaded app from partition at offset 0x10000[0m
[0;32mI (160) boot: Disabling RNG early entropy source...[0m
[0;32mI (172) cpu_start: Multicore app[0m
[0;32mI (181) cpu_start: Pro cpu start user code[0m
[0;32mI (181) cpu_start: cpu freq: 160000000 Hz[0m
[0;32mI (181) cpu_start: Application information:[0m
[0;32mI (184) cpu_start: Project name:     hello_world[0m
[0;32mI (189) cpu_start: App version:      1[0m
[0;32mI (193) cpu_start: Compile time:     Oct 12 2024 03:30:35[0m
[0;32mI (200) cpu_start: ELF file SHA256:  e772c4f1d...[0m
[0;32mI (205) cpu_start: ESP-IDF:          v5.2.2-dirty[0m
[0;32mI (210) cpu_start: Min chip rev:     v0.0[0m
[0;32mI (215) cpu_start: Max chip rev:     v3.99 [0m
[0;32mI (220) cpu_start: Chip rev:         v3.1[0m
[0;32mI (225) heap_init: Initializing. RAM available for dynamic allocation:[0m
[0;32mI (232) heap_init: At 3FFAE6E0 len 00001920 (6 KiB): DRAM[0m
[0;32mI (238) heap_init: At 3FFB2B18 len 0002D4E8 (181 KiB): DRAM[0m
[0;32mI (244) heap_init: At 3FFE0440 len 00003AE0 (14 KiB): D/IRAM[0m
[0;32mI (250) heap_init: At 3FFE4350 len 0001BCB0 (111 KiB): D/IRAM[0m
[0;32mI (257) heap_init: At 4008C784 len 0001387C (78 KiB): IRAM[0m
[0;32mI (265) spi_flash: detected chip: generic[0m
[0;32mI (268) spi_flash: flash io: dio[0m
[0;33mW (272) spi_flash: Detected size(4096k) larger than the size in the binary image header(2048k). Using the size in the binary image header.[0m
[0;32mI (286) main_task: Started on CPU0[0m
[0;32mI (296) main_task: Calling app_main()[0m
[0;32mI (296) main_task: Returned from app_main()[0m
[0;31mE (796) FreeRTOS: FreeRTOS Task "buzzer_task" should not return, Aborting now![0m

abort() was called at PC 0x40086043 on core 0


Backtrace: 0x400815ea:0x3ffb6260 0x400857c1:0x3ffb6280 0x4008b0c9:0x3ffb62a0 0x40086043:0x3ffb6310




ELF file SHA256: e772c4f1d

Rebooting...
[0;32mI (13) boot: ESP-IDF v5.2.2-dirty 2nd stage bootloader[0m
[0;32mI (13) boot: compile time Oct 12 2024 03:31:17[0m
[0;32mI (13) boot: Multicore bootloader[0m
[0;32mI (17) boot: chip revision: v3.1[0m
[0;32mI (21) boot.esp32: SPI Speed      : 40MHz[0m
[0;32mI (25) boot.esp32: SPI Mode       : DIO[0m
[0;32mI (30) boot.esp32: SPI Flash Size : 2MB[0m
[0;32mI (34) boot: Enabling RNG early entropy source...[0m
[0;32mI (40) boot: Partition Table:[0m
[0;32mI (43) boot: ## Label            Usage          Type ST Offset   Length[0m
[0;32mI (51) boot:  0 nvs              WiFi data        01 02 00009000 00006000[0m
[0;32mI (58) boot:  1 phy_init         RF data          01 01 0000f000 00001000[0m
[0;32mI (65) boot:  2 factory          factory app      00 00 00010000 00100000[0m
[0;32mI (73) boot: End of partition table[0m
[0;32mI (77) esp_image: segment 0: paddr=00010020 vaddr=3f400020 size=097fch ( 38908) map[0m
[0;32mI (99) esp_image: segment 1: paddr=00019824 vaddr=3ffb0000 size=02254h (  8788) load[0m
[0;32mI (102) esp_image: segment 2: paddr=0001ba80 vaddr=40080000 size=04598h ( 17816) load[0m
[0;32mI (112) esp_image: segment 3: paddr=00020020 vaddr=400d0020 size=13aa4h ( 80548) map[0m
[0;32mI (141) esp_image: segment 4: paddr=00033acc vaddr=40084598 size=081ech ( 33260) load[0m
[0;32mI (160) boot: Loaded app from partition at offset 0x10000[0m
[0;32mI (160) boot: Disabling RNG early entropy source...[0m
[0;32mI (172) cpu_start: Multicore app[0m
[0;32mI (181) cpu_start: Pro cpu start user code[0m
[0;32mI (181) cpu_start: cpu freq: 160000000 Hz[0m
[0;32mI (181) cpu_start: Application information:[0m
[0;32mI (184) cpu_start: Project name:     hello_world[0m
[0;32mI (189) cpu_start: App version:      1[0m
[0;32mI (193) cpu_start: Compile time:     Oct 12 2024 03:30:35[0m
[0;32mI (200) cpu_start: ELF file SHA256:  e772c4f1d...[0m
[0;32mI (205) cpu_start: ESP-IDF:          v5.2.2-dirty[0m
[0;32mI (210) cpu_start: Min chip rev:     v0.0[0m
[0;32mI (215) cpu_start: Max chip rev:     v3.99 [0m
[0;32mI (220) cpu_start: Chip rev:         v3.1[0m
[0;32mI (225) heap_init: Initializing. RAM available for dynamic allocation:[0m
[0;32mI (232) heap_init: At 3FFAE6E0 len 00001920 (6 KiB): DRAM[0m
[0;32mI (238) heap_init: At 3FFB2B18 len 0002D4E8 (181 KiB): DRAM[0m
[0;32mI (244) heap_init: At 3FFE0440 len 00003AE0 (14 KiB): D/IRAM[0m
[0;32mI (250) heap_init: At 3FFE4350 len 0001BCB0 (111 KiB): D/IRAM[0m
[0;32mI (257) heap_init: At 4008C784 len 0001387C (78 KiB): IRAM[0m
[0;32mI (265) spi_flash: detected chip: generic[0m
[0;32mI (268) spi_flash: flash io: dio[0m
[0;33mW (272) spi_flash: Detected size(4096k) larger than the size in the binary image header(2048k). Using the size in the binary image header.[0m
[0;32mI (286) main_task: Started on CPU0[0m
[0;32mI (296) main_task: Calling app_main()[0m
[0;32mI (296) main_task: Returned from app_main()[0m
[0;31mE (796) FreeRTOS: FreeRTOS Task "buzzer_task" should not return, Aborting now![0m

abort() was called at PC 0x40086043 on core 0


Backtrace: 0x400815ea:0x3ffb6260 0x400857c1:0x3ffb6280 0x4008b0c9:0x3ffb62a0 0x40086043:0x3ffb6310




ELF file SHA256: e772c4f1d

Rebooting...
[0;32mI (13) boot: ESP-IDF v5.2.2-dirty 2nd stage bootloader[0m
[0;32mI (13) boot: compile time Oct 12 2024 03:31:17[0m
[0;32mI (13) boot: Multicore bootloader[0m
[0;32mI (17) boot: chip revision: v3.1[0m
[0;32mI (21) boot.esp32: SPI Speed      : 40MHz[0m
[0;32mI (25) boot.esp32: SPI Mode       : DIO[0m
[0;32mI (30) boot.esp32: SPI Flash Size : 2MB[0m
[0;32mI (34) boot: Enabling RNG early entropy source...[0m
[0;32mI (40) boot: Partition Table:[0m
[0;32mI (43) boot: ## Label            Usage          Type ST Offset   Length[0m
[0;32mI (51) boot:  0 nvs              WiFi data        01 02 00009000 00006000[0m
[0;32mI (58) boot:  1 phy_init         RF data          01 01 0000f000 00001000[0m
[0;32mI (65) boot:  2 factory          factory app      00 00 00010000 00100000[0m
[0;32mI (73) boot: End of partition table[0m
[0;32mI (77) esp_image: segment 0: paddr=00010020 vaddr=3f400020 size=097fch ( 38908) map[0m
[0;32mI (99) esp_image: segment 1: paddr=00019824 vaddr=3ffb0000 size=02254h (  8788) load[0m
[0;32mI (102) esp_image: segment 2: paddr=0001ba80 vaddr=40080000 size=04598h ( 17816) load[0m
[0;32mI (112) esp_image: segment 3: paddr=00020020 vaddr=400d0020 size=13aa4h ( 80548) map[0m
[0;32mI (141) esp_image: segment 4: paddr=00033acc vaddr=40084598 size=081ech ( 33260) load[0m
[0;32mI (160) boot: Loaded app from partition at offset 0x10000[0m
[0;32mI (160) boot: Disabling RNG early entropy source...[0m
[0;32mI (172) cpu_start: Multicore app[0m
[0;32mI (181) cpu_start: Pro cpu start user code[0m
[0;32mI (181) cpu_start: cpu freq: 160000000 Hz[0m
[0;32mI (181) cpu_start: Application information:[0m
[0;32mI (184) cpu_start: Project name:     hello_world[0m
[0;32mI (189) cpu_start: App version:      1[0m
[0;32mI (193) cpu_start: Compile time:     Oct 12 2024 03:30:35[0m
[0;32mI (200) cpu_start: ELF file SHA256:  e772c4f1d...[0m
[0;32mI (205) cpu_start: ESP-IDF:          v5.2.2-dirty[0m
[0;32mI (210) cpu_start: Min chip rev:     v0.0[0m
[0;32mI (215) cpu_start: Max chip rev:     v3.99 [0m
[0;32mI (220) cpu_start: Chip rev:         v3.1[0m
[0;32mI (225) heap_init: Initializing. RAM available for dynamic allocation:[0m
[0;32mI (232) heap_init: At 3FFAE6E0 len 00001920 (6 KiB): DRAM[0m
[0;32mI (238) heap_init: At 3FFB2B18 len 0002D4E8 (181 KiB): DRAM[0m
[0;32mI (244) heap_init: At 3FFE0440 len 00003AE0 (14 KiB): D/IRAM[0m
[0;32mI (250) heap_init: At 3FFE4350 len 0001BCB0 (111 KiB): D/IRAM[0m
[0;32mI (257) heap_init: At 4008C784 len 0001387C (78 KiB): IRAM[0m
[0;32mI (265) spi_flash: detected chip: generic[0m
[0;32mI (268) spi_flash: flash io: dio[0m
[0;33mW (272) spi_flash: Detected size(4096k) larger than the size in the binary image header(2048k). Using the size in the binary image header.[0m
[0;32mI (286) main_task: Started on CPU0[0m
[0;32mI (296) main_task: Calling app_main()[0m
[0;32mI (296) main_task: Returned from app_main()[0m
[0;31mE (796) FreeRTOS: FreeRTOS Task "buzzer_task" should not return, Aborting now![0m

abort() was called at PC 0x40086043 on core 0


Backtrace: 0x400815ea:0x3ffb6260 0x400857c1:0x3ffb6280 0x4008b0c9:0x3ffb62a0 0x40086043:0x3ffb6310




ELF file SHA256: e772c4f1d

Rebooting...
[0;32mI (13) boot: ESP-IDF v5.2.2-dirty 2nd stage bootloader[0m
[0;32mI (13) boot: compile time Oct 12 2024 03:31:17[0m
[0;32mI (13) boot: Multicore bootloader[0m
[0;32mI (17) boot: chip revision: v3.1[0m
[0;32mI (21) boot.esp32: SPI Speed      : 40MHz[0m
[0;32mI (25) boot.esp32: SPI Mode       : DIO[0m
[0;32mI (30) boot.esp32: SPI Flash Size : 2MB[0m
[0;32mI (34) boot: Enabling RNG early entropy source...[0m
[0;32mI (40) boot: Partition Table:[0m
[0;32mI (43) boot: ## Label            Usage          Type ST Offset   Length[0m
[0;32mI (51) boot:  0 nvs              WiFi data        01 02 00009000 00006000[0m
[0;32mI (58) boot:  1 phy_init         RF data          01 01 0000f000 00001000[0m
[0;32mI (65) boot:  2 factory          factory app      00 00 00010000 00100000[0m
[0;32mI (73) boot: End of partition table[0m
[0;32mI (77) esp_image: segment 0: paddr=00010020 vaddr=3f400020 size=097fch ( 38908) map[0m
[0;32mI (99) esp_image: segment 1: paddr=00019824 vaddr=3ffb0000 size=02254h (  8788) load[0m
[0;32mI (102) esp_image: segment 2: paddr=0001ba80 vaddr=40080000 size=04598h ( 17816) load[0m
[0;32mI (112) esp_image: segment 3: paddr=00020020 vaddr=400d0020 size=13aa4h ( 80548) map[0m
[0;32mI (141) esp_image: segment 4: paddr=00033acc vaddr=40084598 size=081ech ( 33260) load[0m
[0;32mI (160) boot: Loaded app from partition at offset 0x10000[0m
[0;32mI (160) boot: Disabling RNG early entropy source...[0m
[0;32mI (172) cpu_start: Multicore app[0m
[0;32mI (181) cpu_start: Pro cpu start user code[0m
[0;32mI (181) cpu_start: cpu freq: 160000000 Hz[0m
[0;32mI (181) cpu_start: Application information:[0m
[0;32mI (184) cpu_start: Project name:     hello_world[0m
[0;32mI (189) cpu_start: App version:      1[0m
[0;32mI (193) cpu_start: Compile time:     Oct 12 2024 03:30:35[0m
[0;32mI (200) cpu_start: ELF file SHA256:  e772c4f1d...[0m
[0;32mI (205) cpu_start: ESP-IDF:          v5.2.2-dirty[0m
[0;32mI (210) cpu_start: Min chip rev:     v0.0[0m
[0;32mI (215) cpu_start: Max chip rev:     v3.99 [0m
[0;32mI (220) cpu_start: Chip rev:         v3.1[0m
[0;32mI (225) heap_init: Initializing. RAM available for dynamic allocation:[0m
[0;32mI (232) heap_init: At 3FFAE6E0 len 00001920 (6 KiB): DRAM[0m
[0;32mI (238) heap_init: At 3FFB2B18 len 0002D4E8 (181 KiB): DRAM[0m
[0;32mI (244) heap_init: At 3FFE0440 len 00003AE0 (14 KiB): D/IRAM[0m
[0;32mI (250) heap_init: At 3FFE4350 len 0001BCB0 (111 KiB): D/IRAM[0m
[0;32mI (257) heap_init: At 4008C784 len 0001387C (78 KiB): IRAM[0m
[0;32mI (265) spi_flash: detected chip: generic[0m
[0;32mI (268) spi_flash: flash io: dio[0m
[0;33mW (272) spi_flash: Detected size(4096k) larger than the size in the binary image header(2048k). Using the size in the binary image header.[0m
[0;32mI (286) main_task: Started on CPU0[0m
[0;32mI (296) main_task: Calling app_main()[0m
[0;32mI (296) main_task: Returned from app_main()[0m
[0;31mE (796) FreeRTOS: FreeRTOS Task "buzzer_task" should not return, Aborting now![0m

abort() was called at PC 0x40086043 on core 0


Backtrace: 0x400815ea:0x3ffb6260 0x400857c1:0x3ffb6280 0x4008b0c9:0x3ffb62a0 0x40086043:0x3ffb6310




ELF file SHA256: e772c4f1d

Rebooting...
[0;32mI (13) boot: ESP-IDF v5.2.2-dirty 2nd stage bootloader[0m
[0;32mI (13) boot: compile time Oct 12 2024 03:31:17[0m
[0;32mI (13) boot: Multicore bootloader[0m
[0;32mI (17) boot: chip revision: v3.1[0m
[0;32mI (21) boot.esp32: SPI Speed      : 40MHz[0m
[0;32mI (25) boot.esp32: SPI Mode       : DIO[0m
[0;32mI (30) boot.esp32: SPI Flash Size : 2MB[0m
[0;32mI (34) boot: Enabling RNG early entropy source...[0m
[0;32mI (40) boot: Partition Table:[0m
[0;32mI (43) boot: ## Label            Usage          Type ST Offset   Length[0m
[0;32mI (51) boot:  0 nvs              WiFi data        01 02 00009000 00006000[0m
[0;32mI (58) boot:  1 phy_init         RF data          01 01 0000f000 00001000[0m
[0;32mI (65) boot:  2 factory          factory app      00 00 00010000 00100000[0m
[0;32mI (73) boot: End of partition table[0m
[0;32mI (77) esp_image: segment 0: paddr=00010020 vaddr=3f400020 size=097fch ( 38908) map[0m
[0;32mI (99) esp_image: segment 1: paddr=00019824 vaddr=3ffb0000 size=02254h (  8788) load[0m
[0;32mI (102) esp_image: segment 2: paddr=0001ba80 vaddr=40080000 size=04598h ( 17816) load[0m
[0;32mI (112) esp_image: segment 3: paddr=00020020 vaddr=400d0020 size=13aa4h ( 80548) map[0m
[0;32mI (141) esp_image: segment 4: paddr=00033acc vaddr=40084598 size=081ech ( 33260) load[0m
[0;32mI (160) boot: Loaded app from partition at offset 0x10000[0m
[0;32mI (160) boot: Disabling RNG early entropy source...[0m
[0;32mI (172) cpu_start: Multicore app[0m
[0;32mI (181) cpu_start: Pro cpu start user code[0m
[0;32mI (181) cpu_start: cpu freq: 160000000 Hz[0m
[0;32mI (181) cpu_start: Application information:[0m
[0;32mI (184) cpu_start: Project name:     hello_world[0m
[0;32mI (189) cpu_start: App version:      1[0m
[0;32mI (193) cpu_start: Compile time:     Oct 12 2024 03:30:35[0m
[0;32mI (200) cpu_start: ELF file SHA256:  e772c4f1d...[0m
[0;32mI (205) cpu_start: ESP-IDF:          v5.2.2-dirty[0m
[0;32mI (210) cpu_start: Min chip rev:     v0.0[0m
[0;32mI (215) cpu_start: Max chip rev:     v3.99 [0m
[0;32mI (220) cpu_start: Chip rev:         v3.1[0m
[0;32mI (225) heap_init: Initializing. RAM available for dynamic allocation:[0m
[0;32mI (232) heap_init: At 3FFAE6E0 len 00001920 (6 KiB): DRAM[0m
[0;32mI (238) heap_init: At 3FFB2B18 len 0002D4E8 (181 KiB): DRAM[0m
[0;32mI (244) heap_init: At 3FFE0440 len 00003AE0 (14 KiB): D/IRAM[0m
[0;32mI (250) heap_init: At 3FFE4350 len 0001BCB0 (111 KiB): D/IRAM[0m
[0;32mI (257) heap_init: At 4008C784 len 0001387C (78 KiB): IRAM[0m
[0;32mI (264) spi_flash: detected chip: generic[0m
[0;32mI (268) spi_flash: flash io: dio[0m
[0;33mW (272) spi_flash: Detected size(4096k) larger than the size in the binary image header(2048k). Using the size in the binary image header.[0m
[0;32mI (286) main_task: Started on CPU0[0m
[0;32mI (296) main_task: Calling app_main()[0m
[0;32mI (296) main_task: Returned from app_main()[0m
[0;31mE (796) FreeRTOS: FreeRTOS Task "buzzer_task" should not return, Aborting now![0m

abort() was called at PC 0x40086043 on core 0


Backtrace: 0x400815ea:0x3ffb6260 0x400857c1:0x3ffb6280 0x4008b0c9:0x3ffb62a0 0x40086043:0x3ffb6310




ELF file SHA256: e772c4f1d

Rebooting...
[0;32mI (13) boot: ESP-IDF v5.2.2-dirty 2nd stage bootloader[0m
[0;32mI (13) boot: compile time Oct 12 2024 03:31:17[0m
[0;32mI (13) boot: Multicore bootloader[0m
[0;32mI (17) boot: chip revision: v3.1[0m
[0;32mI (21) boot.esp32: SPI Speed      : 40MHz[0m
[0;32mI (25) boot.esp32: SPI Mode       : DIO[0m
[0;32mI (30) boot.esp32: SPI Flash Size : 2MB[0m
[0;32mI (34) boot: Enabling RNG early entropy source...[0m
[0;32mI (40) boot: Partition Table:[0m
[0;32mI (43) boot: ## Label            Usage          Type ST Offset   Length[0m
[0;32mI (51) boot:  0 nvs              WiFi data        01 02 00009000 00006000[0m
[0;32mI (58) boot:  1 phy_init         RF data          01 01 0000f000 00001000[0m
[0;32mI (65) boot:  2 factory          factory app      00 00 00010000 00100000[0m
[0;32mI (73) boot: End of partition table[0m
[0;32mI (77) esp_image: segment 0: paddr=00010020 vaddr=3f400020 size=097fch ( 38908) map[0m
[0;32mI (99) esp_image: segment 1: paddr=00019824 vaddr=3ffb0000 size=02254h (  8788) load[0m
[0;32mI (102) esp_image: segment 2: paddr=0001ba80 vaddr=40080000 size=04598h ( 17816) load[0m
[0;32mI (112) esp_image: segment 3: paddr=00020020 vaddr=400d0020 size=13aa4h ( 80548) map[0m
[0;32mI (141) esp_image: segment 4: paddr=00033acc vaddr=40084598 size=081ech ( 33260) load[0m
[0;32mI (160) boot: Loaded app from partition at offset 0x10000[0m
[0;32mI (160) boot: Disabling RNG early entropy source...[0m
[0;32mI (172) cpu_start: Multicore app[0m
[0;32mI (181) cpu_start: Pro cpu start user code[0m
[0;32mI (181) cpu_start: cpu freq: 160000000 Hz[0m
[0;32mI (181) cpu_start: Application information:[0m
[0;32mI (184) cpu_start: Project name:     hello_world[0m
[0;32mI (189) cpu_start: App version:      1[0m
[0;32mI (193) cpu_start: Compile time:     Oct 12 2024 03:30:35[0m
[0;32mI (200) cpu_start: ELF file SHA256:  e772c4f1d...[0m
[0;32mI (205) cpu_start: ESP-IDF:          v5.2.2-dirty[0m
[0;32mI (210) cpu_start: Min chip rev:     v0.0[0m
[0;32mI (215) cpu_start: Max chip rev:     v3.99 [0m
[0;32mI (220) cpu_start: Chip rev:         v3.1[0m
[0;32mI (225) heap_init: Initializing. RAM available for dynamic allocation:[0m
[0;32mI (232) heap_init: At 3FFAE6E0 len 00001920 (6 KiB): DRAM[0m
[0;32mI (238) heap_init: At 3FFB2B18 len 0002D4E8 (181 KiB): DRAM[0m
[0;32mI (244) heap_init: At 3FFE0440 len 00003AE0 (14 KiB): D/IRAM[0m
[0;32mI (250) heap_init: At 3FFE4350 len 0001BCB0 (111 KiB): D/IRAM[0m
[0;32mI (257) heap_init: At 4008C784 len 0001387C (78 KiB): IRAM[0m
[0;32mI (265) spi_flash: detected chip: generic[0m
[0;32mI (268) spi_flash: flash io: dio[0m
[0;33mW (272) spi_flash: Detected size(4096k) larger than the size in the binary image header(2048k). Using the size in the binary image header.[0m
[0;32mI (286) main_task: Started on CPU0[0m
[0;32mI (296) main_task: Calling app_main()[0m
[0;32mI (296) main_task: Returned from app_main()[0m
[0;31mE (796) FreeRTOS: FreeRTOS Task "buzzer_task" should not return, Aborting now![0m

abort() was called at PC 0x40086043 on core 0


Backtrace: 0x400815ea:0x3ffb6260 0x400857c1:0x3ffb6280 0x4008b0c9:0x3ffb62a0 0x40086043:0x3ffb6310




ELF file SHA256: e772c4f1d

Rebooting...
[0;32mI (13) boot: ESP-IDF v5.2.2-dirty 2nd stage bootloader[0m
[0;32mI (13) boot: compile time Oct 12 2024 03:31:17[0m
[0;32mI (13) boot: Multicore bootloader[0m
[0;32mI (17) boot: chip revision: v3.1[0m
[0;32mI (21) boot.esp32: SPI Speed      : 40MHz[0m
[0;32mI (25) boot.esp32: SPI Mode       : DIO[0m
[0;32mI (30) boot.esp32: SPI Flash Size : 2MB[0m
[0;32mI (34) boot: Enabling RNG early entropy source...[0m
[0;32mI (40) boot: Partition Table:[0m
[0;32mI (43) boot: ## Label            Usage          Type ST Offset   Length[0m
[0;32mI (51) boot:  0 nvs              WiFi data        01 02 00009000 00006000[0m
[0;32mI (58) boot:  1 phy_init         RF data          01 01 0000f000 00001000[0m
[0;32mI (65) boot:  2 factory          factory app      00 00 00010000 00100000[0m
[0;32mI (73) boot: End of partition table[0m
[0;32mI (77) esp_image: segment 0: paddr=00010020 vaddr=3f400020 size=097fch ( 38908) map[0m
[0;32mI (99) esp_image: segment 1: paddr=00019824 vaddr=3ffb0000 size=02254h (  8788) load[0m
[0;32mI (102) esp_image: segment 2: paddr=0001ba80 vaddr=40080000 size=04598h ( 17816) load[0m
[0;32mI (112) esp_image: segment 3: paddr=00020020 vaddr=400d0020 size=13aa4h ( 80548) map[0m
[0;32mI (141) esp_image: segment 4: paddr=00033acc vaddr=40084598 size=081ech ( 33260) load[0m
[0;32mI (160) boot: Loaded app from partition at offset 0x10000[0m
[0;32mI (160) boot: Disabling RNG early entropy source...[0m
[0;32mI (172) cpu_start: Multicore app[0m
[0;32mI (181) cpu_start: Pro cpu start user code[0m
[0;32mI (181) cpu_start: cpu freq: 160000000 Hz[0m
[0;32mI (181) cpu_start: Application information:[0m
[0;32mI (184) cpu_start: Project name:     hello_world[0m
[0;32mI (189) cpu_start: App version:      1[0m
[0;32mI (193) cpu_start: Compile time:     Oct 12 2024 03:30:35[0m
[0;32mI (200) cpu_start: ELF file SHA256:  e772c4f1d...[0m
[0;32mI (205) cpu_start: ESP-IDF:          v5.2.2-dirty[0m
[0;32mI (210) cpu_start: Min chip rev:     v0.0[0m
[0;32mI (215) cpu_start: Max chip rev:     v3.99 [0m
[0;32mI (220) cpu_start: Chip rev:         v3.1[0m
[0;32mI (225) heap_init: Initializing. RAM available for dynamic allocation:[0m
[0;32mI (232) heap_init: At 3FFAE6E0 len 00001920 (6 KiB): DRAM[0m
[0;32mI (238) heap_init: At 3FFB2B18 len 0002D4E8 (181 KiB): DRAM[0m
[0;32mI (244) heap_init: At 3FFE0440 len 00003AE0 (14 KiB): D/IRAM[0m
[0;32mI (250) heap_init: At 3FFE4350 len 0001BCB0 (111 KiB): D/IRAM[0m
[0;32mI (257) heap_init: At 4008C784 len 0001387C (78 KiB): IRAM[0m
[0;32mI (265) spi_flash: detected chip: generic[0m
[0;32mI (268) spi_flash: flash io: dio[0m
[0;33mW (272) spi_flash: Detected size(4096k) larger than the size in the binary image header(2048k). Using the size in the binary image header.[0m
[0;32mI (286) main_task: Started on CPU0[0m
[0;32mI (296) main_task: Calling app_main()[0m
[0;32mI (296) main_task: Returned from app_main()[0m
[0;31mE (796) FreeRTOS: FreeRTOS Task "buzzer_task" should not return, Aborting now![0m

abort() was called at PC 0x40086043 on core 0


Backtrace: 0x400815ea:0x3ffb6260 0x400857c1:0x3ffb6280 0x4008b0c9:0x3ffb62a0 0x40086043:0x3ffb6310




ELF file SHA256: e772c4f1d

Rebooting...
[0;32mI (13) boot: ESP-IDF v5.2.2-dirty 2nd stage bootloader[0m
[0;32mI (13) boot: compile time Oct 12 2024 03:31:17[0m
[0;32mI (13) boot: Multicore bootloader[0m
[0;32mI (17) boot: chip revision: v3.1[0m
[0;32mI (21) boot.esp32: SPI Speed      : 40MHz[0m
[0;32mI (25) boot.esp32: SPI Mode       : DIO[0m
[0;32mI (30) boot.esp32: SPI Flash Size : 2MB[0m
[0;32mI (34) boot: Enabling RNG early entropy source...[0m
[0;32mI (40) boot: Partition Table:[0m
[0;32mI (43) boot: ## Label            Usage          Type ST Offset   Length[0m
[0;32mI (51) boot:  0 nvs              WiFi data        01 02 00009000 00006000[0m
[0;32mI (58) boot:  1 phy_init         RF data          01 01 0000f000 00001000[0m
[0;32mI (65) boot:  2 factory          factory app      00 00 00010000 00100000[0m
[0;32mI (73) boot: End of partition table[0m
[0;32mI (77) esp_image: segment 0: paddr=00010020 vaddr=3f400020 size=097fch ( 38908) map[0m
[�[0;32mI (13) boot: ESP-IDF v5.2.2-dirty 2nd stage bootloader[0m
[0;32mI (13) boot: compile time Oct 12 2024 03:31:17[0m
[0;32mI (13) boot: Multicore bootloader[0m
[0;32mI (17) boot: chip revision: v3.1[0m
[0;32mI (21) boot.esp32: SPI Speed      : 40MHz[0m
[0;32mI (26) boot.esp32: SPI Mode       : DIO[0m
[0;32mI (30) boot.esp32: SPI Flash Size : 2MB[0m
[0;32mI (35) boot: Enabling RNG early entropy source...[0m
[0;32mI (40) boot: Partition Table:[0m
[0;32mI (44) boot: ## Label            Usage          Type ST Offset   Length[0m
[0;32mI (51) boot:  0 nvs              WiFi data        01 02 00009000 00006000[0m
[0;32mI (58) boot:  1 phy_init         RF data          01 01 0000f000 00001000[0m
[0;32mI (66) boot:  2 factory          factory app      00 00 00010000 00100000[0m
[0;32mI (73) boot: End of partition table[0m
[0;32mI (78) esp_image: segment 0: paddr=00010020 vaddr=3f400020 size=097fch ( 38908) map[0m
[0;32mI (99) esp_image: segment 1: paddr=00019824 vaddr=3ffb0000 size=02254h (  8788) load[0m
[0;32mI (103) esp_image: segment 2: paddr=0001ba80 vaddr=40080000 size=04598h ( 17816) load[0m
[0;32mI (112) esp_image: segment 3: paddr=00020020 vaddr=400d0020 size=13aa4h ( 80548) map[0m
[0;32mI (141) esp_image: segment 4: paddr=00033acc vaddr=40084598 size=081ech ( 33260) load[0m
[0;32mI (161) boot: Loaded app from partition at offset 0x10000[0m
[0;32mI (161) boot: Disabling RNG early entropy source...[0m
[0;32mI (172) cpu_start: Multicore app[0m
[0;32mI (181) cpu_start: Pro cpu start user code[0m
[0;32mI (181) cpu_start: cpu freq: 160000000 Hz[0m
[0;32mI (181) cpu_start: Application information:[0m
[0;32mI (184) cpu_start: Project name:     hello_world[0m
[0;32mI (189) cpu_start: App version:      1[0m
[0;32mI (194) cpu_start: Compile time:     Oct 12 2024 03:30:35[0m
[0;32mI (200) cpu_start: ELF file SHA256:  e772c4f1d...[0m
[0;32mI (205) cpu_start: ESP-IDF:          v5.2.2-dirty[0m
[0;32mI (211) cpu_start: Min chip rev:     v0.0[0m
[0;32mI (215) cpu_start: Max chip rev:     v3.99 [0m
[0;32mI (220) cpu_start: Chip rev:         v3.1[0m
[0;32mI (225) heap_init: Initializing. RAM available for dynamic allocation:[0m
[0;32mI (232) heap_init: At 3FFAE6E0 len 00001920 (6 KiB): DRAM[0m
[0;32mI (238) heap_init: At 3FFB2B18 len 0002D4E8 (181 KiB): DRAM[0m
[0;32mI (244) heap_init: At 3FFE0440 len 00003AE0 (14 KiB): D/IRAM[0m
[0;32mI (251) heap_init: At 3FFE4350 len 0001BCB0 (111 KiB): D/IRAM[0m
[0;32mI (257) heap_init: At 4008C784 len 0001387C (78 KiB): IRAM[0m
[0;32mI (265) spi_flash: detected chip: generic[0m
[0;32mI (268) spi_flash: flash io: dio[0m
[0;33mW (272) spi_flash: Detected size(4096k) larger than the size in the binary image header(2048k). Using the size in the binary image header.[0m
[0;32mI (286) main_task: Started on CPU0[0m
[0;32mI (296) main_task: Calling app_main()[0m
[0;32mI (296) main_task: Returned from app_main()[0m
[0;31mE (796) FreeRTOS: FreeRTOS Task "buzzer_task" should not return, Aborting now![0m

abort() was called at PC 0x40086043 on core 0


Backtrace: 0x400815ea:0x3ffb6260 0x400857c1:0x3ffb6280 0x4008b0c9:0x3ffb62a0 0x40086043:0x3ffb6310




ELF file SHA256: e772c4f1d

Rebooting...
[0;32mI (13) boot: ESP-IDF v5.2.2-dirty 2nd stage bootloader[0m
[0;32mI (13) boot: compile time Oct 12 2024 03:31:17[0m
[0;32mI (13) boot: Multicore bootloader[0m
[0;32mI (17) boot: chip revision: v3.1[0m
[0;32mI (21) boot.esp32: SPI Speed      : 40MHz[0m
[0;32mI (25) boot.esp32: SPI Mode       : DIO[0m
[0;32mI (30) boot.esp32: SPI Flash Size : 2MB[0m
[0;32mI (34) boot: Enabling RNG early entropy source...[0m
[0;32mI (40) boot: Partition Table:[0m
[0;32mI (43) boot: ## Label            Usage          Type ST Offset   Length[0m
[0;32mI (51) boot:  0 nvs              WiFi data        01 02 00009000 00006000[0m
[0;32mI (58) boot:  1 phy_init         RF data          01 01 0000f000 00001000[0m
[0;32mI (65) boot:  2 factory          factory app      00 00 00010000 00100000[0m
[0;32mI (73) boot: End of partition table[0m
[0;32mI (77) esp_image: segment 0: paddr=00010020 vaddr=3f400020 size=097fch ( 38908) map[0m
[0;32mI (99) esp_image: segment 1: paddr=00019824 vaddr=3ffb0000 size=02254h (  8788) load[0m
[0;32mI (102) esp_image: segment 2: paddr=0001ba80 vaddr=40080000 size=04598h ( 17816) load[0m
[0;32mI (112) esp_image: segment 3: paddr=00020020 vaddr=400d0020 size=13aa4h ( 80548) map[0m
[0;32mI (141) esp_image: segment 4: paddr=00033acc vaddr=40084598 size=081ech ( 33260) load[0m
[0;32mI (160) boot: Loaded app from partition at offset 0x10000[0m
[0;32mI (160) boot: Disabling RNG early entropy source...[0m
[0;32mI (172) cpu_start: Multicore app[0m
[0;32mI (181) cpu_start: Pro cpu start user code[0m
[0;32mI (181) cpu_start: cpu freq: 160000000 Hz[0m
[0;32mI (181) cpu_start: Application information:[0m
[0;32mI (184) cpu_start: Project name:     hello_world[0m
[0;32mI (189) cpu_start: App version:      1[0m
[0;32mI (193) cpu_start: Compile time:     Oct 12 2024 03:30:35[0m
[0;32mI (200) cpu_start: ELF file SHA256:  e772c4f1d...[0m
[0;32mI (205) cpu_start: ESP-IDF:          v5.2.2-dirty[0m
[0;32mI (210) cpu_start: Min chip rev:     v0.0[0m
[0;32mI (215) cpu_start: Max chip rev:     v3.99 [0m
[0;32mI (220) cpu_start: Chip rev:         v3.1[0m
[0;32mI (225) heap_init: Initializing. RAM available for dynamic allocation:[0m
[0;32mI (232) heap_init: At 3FFAE6E0 len 00001920 (6 KiB): DRAM[0m
[0;32mI (238) heap_init: At 3FFB2B18 len 0002D4E8 (181 KiB): DRAM[0m
[0;32mI (244) heap_init: At 3FFE0440 len 00003AE0 (14 KiB): D/IRAM[0m
[0;32mI (250) heap_init: At 3FFE4350 len 0001BCB0 (111 KiB): D/IRAM[0m
[0;32mI (257) heap_init: At 4008C784 len 0001387C (78 KiB): IRAM[0m
[0;32mI (265) spi_flash: detected chip: generic[0m
[0;32mI (268) spi_flash: flash io: dio[0m
[0;33mW (272) spi_flash: Detected size(4096k) larger than the size in the binary image header(2048k). Using the size in the binary image header.[0m
[0;32mI (286) main_task: Started on CPU0[0m
[0;32mI (296) main_task: Calling app_main()[0m
[0;32mI (296) main_task: Returned from app_main()[0m
[0;31mE (796) FreeRTOS: FreeRTOS Task "buzzer_task" should not return, Aborting now![0m

abort() was called at PC 0x40086043 on core 0


Backtrace: 0x400815ea:0x3ffb6260 0x400857c1:0x3ffb6280 0x4008b0c9:0x3ffb62a0 0x40086043:0x3ffb6310




ELF file SHA256: e772c4f1d

Rebooting...
[0;32mI (13) boot: ESP-IDF v5.2.2-dirty 2nd stage bootloader[0m
[0;32mI (13) boot: compile time Oct 12 2024 03:31:17[0m
[0;32mI (13) boot: Multicore bootloader[0m
[0;32mI (17) boot: chip revision: v3.1[0m
[0;32mI (21) boot.esp32: SPI Speed      : 40MHz[0m
[0;32mI (25) boot.esp32: SPI Mode       : DIO[0m
[0;32mI (30) boot.esp32: SPI Flash Size : 2MB[0m
[0;32mI (34) boot: Enabling RNG early entropy source...[0m
[0;32mI (40) boot: Partition Table:[0m
[0;32mI (43) boot: ## Label            Usage          Type ST Offset   Length[0m
[0;32mI (51) boot:  0 nvs              WiFi data        01 02 00009000 00006000[0m
[0;32mI (58) boot:  1 phy_init         RF data          01 01 0000f000 00001000[0m
[0;32mI (65) boot:  2 factory          factory app      00 00 00010000 00100000[0m
[0;32mI (73) boot: End of partition table[0m
[0;32mI (77) esp_image: segment 0: paddr=00010020 vaddr=3f400020 size=097fch ( 38908) map[0m
[0;32mI (99) esp_image: segment 1: paddr=00019824 vaddr=3ffb0000 size=02254h (  8788) load[0m
[0;32mI (102) esp_image: segment 2: paddr=0001ba80 vaddr=40080000 size=04598h ( 17816) load[0m
[0;32mI (112) esp_image: segment 3: paddr=00020020 vaddr=400d0020 size=13aa4h ( 80548) map[0m
[0;32mI (141) esp_image: segment 4: paddr=00033acc vaddr=40084598 size=081ech ( 33260) load[0m
[0;32mI (160) boot: Loaded app from partition at offset 0x10000[0m
[0;32mI (160) boot: Disabling RNG early entropy source...[0m
[0;32mI (172) cpu_start: Multicore app[0m
[0;32mI (181) cpu_start: Pro cpu start user code[0m
[0;32mI (181) cpu_start: cpu freq: 160000000 Hz[0m
[0;32mI (181) cpu_start: Application information:[0m
[0;32mI (184) cpu_start: Project name:     hello_world[0m
[0;32mI (189) cpu_start: App version:      1[0m
[0;32mI (193) cpu_start: Compile time:     Oct 12 2024 03:30:35[0m
[0;32mI (200) cpu_start: ELF file SHA256:  e772c4f1d...[0m
[0;32mI (205) cpu_start: ESP-IDF:          v5.2.2-dirty[0m
[0;32mI (210) cpu_start: Min chip rev:     v0.0[0m
[0;32mI (215) cpu_start: Max chip rev:     v3.99 [0m
[0;32mI (220) cpu_start: Chip rev:         v3.1[0m
[0;32mI (225) heap_init: Initializing. RAM available for dynamic allocation:[0m
[0;32mI (232) heap_init: At 3FFAE6E0 len 00001920 (6 KiB): DRAM[0m
[0;32mI (238) heap_init: At 3FFB2B18 len 0002D4E8 (181 KiB): DRAM[0m
[0;32mI (244) heap_init: At 3FFE0440 len 00003AE0 (14 KiB): D/IRAM[0m
[0;32mI (250) heap_init: At 3FFE4350 len 0001BCB0 (111 KiB): D/IRAM[0m
[0;32mI (257) heap_init: At 4008C784 len 0001387C (78 KiB): IRAM[0m
[0;32mI (265) spi_flash: detected chip: generic[0m
[0;32mI (268) spi_flash: flash io: dio[0m
[0;33mW (272) spi_flash: Detected size(4096k) larger than the size in the binary image header(2048k). Using the size in the binary image header.[0m
[0;32mI (286) main_task: Started on CPU0[0m
[0;32mI (296) main_task: Calling app_main()[0m
[0;32mI (296) main_task: Returned from app_main()[0m
[0;32mI (13) boot: ESP-IDF v5.2.2-dirty 2nd stage bootloader[0m
[0;32mI (13) boot: compile time Oct 12 2024 03:31:17[0m
[0;32mI (13) boot: Multicore bootloader[0m
[0;32mI (17) boot: chip revision: v3.1[0m
[0;32mI (21) boot.esp32: SPI Speed      : 40MHz[0m
[0;32mI (26) boot.esp32: SPI Mode       : DIO[0m
[0;32mI (30) boot.esp32: SPI Flash Size : 2MB[0m
[0;32mI (35) boot: Enabling RNG early entropy source...[0m
[0;32mI (40) boot: Partition Table:[0m
[0;32mI (44) boot: ## Label            Usage          Type ST Offset   Length[0m
[0;32mI (51) boot:  0 nvs              WiFi data        01 02 00009000 00006000[0m
[0;32mI (58) boot:  1 phy_init         RF data          01 01 0000f000 00001000[0m
[0;32mI (66) boot:  2 factory          factory app      00 00 00010000 00100000[0m
[0;32mI (73) boot: End of partition table[0m
[0;32mI (78) esp_image: segment 0: paddr=00010020 vaddr=3f400020 size=097fch ( 38908) map[0m
[0;32mI (99) esp_image: segment 1: paddr=00019824 vaddr=3ffb0000 size=02254h (  8788) load[0m
[0;32mI (103) esp_image: segment 2: paddr=0001ba80 vaddr=40080000 size=04598h ( 17816) load[0m
[0;32mI (112) esp_image: segment 3: paddr=00020020 vaddr=400d0020 size=13aa4h ( 80548) map[0m
[0;32mI (141) esp_image: segment 4: paddr=00033acc vaddr=40084598 size=081ech ( 33260) load[0m
[0;32mI (161) boot: Loaded app from partition at offset 0x10000[0m
[0;32mI (161) boot: Disabling RNG early entropy source...[0m
[0;32mI (172) cpu_start: Multicore app[0m
[0;32mI (181) cpu_start: Pro cpu start user code[0m
[0;32mI (181) cpu_start: cpu freq: 160000000 Hz[0m
[0;32mI (181) cpu_start: Application information:[0m
[0;32mI (184) cpu_start: Project name:     hello_world[0m
[0;32mI (189) cpu_start: App version:      1[0m
[0;32mI (194) cpu_start: Compile time:     Oct 12 2024 03:30:35[0m
[0;32mI (200) cpu_start: ELF file SHA256:  e772c4f1d...[0m
[0;32mI (205) cpu_start: ESP-IDF:          v5.2.2-dirty[0m
[0;32mI (211) cpu_start: Min chip rev:     v0.0[0m
[0;32mI (215) cpu_start: Max chip rev:     v3.99 [0m
[0;32mI (220) cpu_start: Chip rev:         v3.1[0m
[0;32mI (225) heap_init: Initializing. RAM available for dynamic allocation:[0m
[0;32mI (232) heap_init: At 3FFAE6E0 len 00001920 (6 KiB): DRAM[0m
[0;32mI (238) heap_init: At 3FFB2B18 len 0002D4E8 (181 KiB): DRAM[0m
[0;32mI (244) heap_init: At 3FFE0440 len 00003AE0 (14 KiB): D/IRAM[0m
[0;32mI (251) heap_init: At 3FFE4350 len 0001BCB0 (111 KiB): D/IRAM[0m
[0;32mI (257) heap_init: At 4008C784 len 0001387C (78 KiB): IRAM[0m
[0;32mI (265) spi_flash: detected chip: generic[0m
[0;32mI (268) spi_flash: flash io: dio[0m
[0;33mW (272) spi_flash: Detected size(4096k) larger than the size in the binary image header(2048k). Using the size in the binary image header.[0m
[0;32mI (286) main_task: Started on CPU0[0m
[0;32mI (296) main_task: Calling app_main()[0m
[0;32mI (296) main_task: Returned from app_main()[0m
[0;31mE (796) FreeRTOS: FreeRTOS Task "buzzer_task" should not return, Aborting now![0m

abort() was called at PC 0x40086043 on core 0


Backtrace: 0x400815ea:0x3ffb6260 0x400857c1:0x3ffb6280 0x4008b0c9:0x3ffb62a0 0x40086043:0x3ffb6310




ELF file SHA256: e772c4f1d

Rebooting...
[0;32mI (13) boot: ESP-IDF v5.2.2-dirty 2nd stage bootloader[0m
[0;32mI (13) boot: compile time Oct 12 2024 03:31:17[0m
[0;32mI (13) boot: Multicore bootloader[0m
[0;32mI (17) boot: chip revision: v3.1[0m
[0;32mI (21) boot.esp32: SPI Speed      : 40MHz[0m
[0;32mI (25) boot.esp32: SPI Mode       : DIO[0m
[0;32mI (30) boot.esp32: SPI Flash Size : 2MB[0m
[0;32mI (34) boot: Enabling RNG early entropy source...[0m
[0;32mI (40) boot: Partition Table:[0m
[0;32mI (43) boot: ## Label            Usage          Type ST Offset   Length[0m
[0;32mI (51) boot:  0 nvs              WiFi data        01 02 00009000 00006000[0m
[0;32mI (58) boot:  1 phy_init         RF data          01 01 0000f000 00001000[0m
[0;32mI (65) boot:  2 factory          factory app      00 00 00010000 00100000[0m
[0;32mI (73) boot: End of partition table[0m
[0;32mI (77) esp_image: segment 0: paddr=00010020 vaddr=3f400020 size=097fch ( 38908) map[0m
[0;32mI (99) esp_image: segment 1: paddr=00019824 vaddr=3ffb0000 size=02254h (  8788) load[0m
[0;32mI (102) esp_image: segment 2: paddr=0001ba80 vaddr=40080000 size=04598h ( 17816) load[0m
[0;32mI (112) esp_image: segment 3: paddr=00020020 vaddr=400d0020 size=13aa4h ( 80548) map[0m
[0;32mI (141) esp_image: segment 4: paddr=00033acc vaddr=40084598 size=081ech ( 33260) load[0m
[0;32mI (160) boot: Loaded app from partition at offset 0x10000[0m
[0;32mI (160) boot: Disabling RNG early entropy source...[0m
[0;32mI (172) cpu_start: Multicore app[0m
[0;32mI (181) cpu_start: Pro cpu start user code[0m
[0;32mI (181) cpu_start: cpu freq: 160000000 Hz[0m
[0;32mI (181) cpu_start: Application information:[0m
[0;32mI (184) cpu_start: Project name:     hello_world[0m
[0;32mI (189) cpu_start: App version:      1[0m
[0;32mI (193) cpu_start: Compile time:     Oct 12 2024 03:30:35[0m
[0;32mI (200) cpu_start: ELF file SHA256:  e772c4f1d...[0m
[0;32mI (205) cpu_start: ESP-IDF:          v5.2.2-dirty[0m
[0;32mI (210) cpu_start: Min chip rev:     v0.0[0m
[0;32mI (215) cpu_start: Max chip rev:     v3.99 [0m
[0;32mI (220) cpu_start: Chip rev:         v3.1[0m
[0;32mI (225) heap_init: Initializing. RAM available for dynamic allocation:[0m
[0;32mI (232) heap_init: At 3FFAE6E0 len 00001920 (6 KiB): DRAM[0m
[0;32mI (238) heap_init: At 3FFB2B18 len 0002D4E8 (181 KiB): DRAM[0m
[0;32mI (244) heap_init: At 3FFE0440 len 00003AE0 (14 KiB): D/IRAM[0m
[0;32mI (250) heap_init: At 3FFE4350 len 0001BCB0 (111 KiB): D/IRAM[0m
[0;32mI (257) heap_init: At 4008C784 len 0001387C (78 KiB): IRAM[0m
[0;32mI (265) spi_flash: detected chip: generic[0m
[0;32mI (268) spi_flash: flash io: dio[0m
[0;33mW (272) spi_flash: Detected size(4096k) larger than the size in the binary image header(2048k). Using the size in the binary image header.[0m
[0;32mI (286) main_task: Started on CPU0[0m
[0;32mI (296) main_task: Calling app_main()[0m
[0;32mI (296) main_task: Returned from app_main()[0m
[0;31mE (796) FreeRTOS: FreeRTOS Task "buzzer_task" should not return, Aborting now![0m

abort() was called at PC 0x40086043 on core 0


Backtrace: 0x400815ea:0x3ffb6260 0x400857c1:0x3ffb6280 0x4008b0c9:0x3ffb62a0 0x40086043:0x3ffb6310




ELF file SHA256: e772c4f1d

Rebooting...
[0;32mI (13) boot: ESP-IDF v5.2.2-dirty 2nd stage bootloader[0m
[0;32mI (13) boot: compile time Oct 12 2024 03:31:17[0m
[0;32mI (13) boot: Multicore bootloader[0m
[0;32mI (17) boot: chip revision: v3.1[0m
[0;32mI (21) boot.esp32: SPI Speed      : 40MHz[0m
[0;32mI (25) boot.esp32: SPI Mode       : DIO[0m
[0;32mI (30) boot.esp32: SPI Flash Size : 2MB[0m
[0;32mI (34) boot: Enabling RNG early entropy source...[0m
[0;32mI (40) boot: Partition Table:[0m
[0;32mI (43) boot: ## Label            Usage          Type ST Offset   Length[0m
[0;32mI (51) boot:  0 nvs              WiFi data        01 02 00009000 00006000[0m
[0;32mI (58) boot:  1 phy_init         RF data          01 01 0000f000 00001000[0m
[0;32mI (65) boot:  2 factory          factory app      00 00 00010000 00100000[0m
[0;32mI (73) boot: End of partition table[0m
[0;32mI (77) esp_image: segment 0: paddr=00010020 vaddr=3f400020 size=097fch ( 38908) map[0m
[0;32mI (99) esp_image: segment 1: paddr=00019824 vaddr=3ffb0000 size=02254h (  8788) load[0m
[0;32mI (102) esp_image: segment 2: paddr=0001ba80 vaddr=40080000 size=04598h ( 17816) load[0m
[0;32mI (112) esp_image: segment 3: paddr=00020020 vaddr=400d0020 size=13aa4h ( 80548) map[0m
[0;32mI (141) esp_image: segment 4: paddr=00033acc vaddr=40084598 size=081ech ( 33260) load[0m
[0;32mI (160) boot: Loaded app from partition at offset 0x10000[0m
[0;32mI (160) boot: Disabling RNG early entropy source...[0m
[0;32mI (172) cpu_start: Multicore app[0m
[0;32mI (181) cpu_start: Pro cpu start user code[0m
[0;32mI (181) cpu_start: cpu freq: 160000000 Hz[0m
[0;32mI (181) cpu_start: Application information:[0m
[0;32mI (184) cpu_start: Project name:     hello_world[0m
[0;32mI (189) cpu_start: App version:      1[0m
[0;32mI (193) cpu_start: Compile time:     Oct 12 2024 03:30:35[0m
[0;32mI (200) cpu_start: ELF file SHA256:  e772c4f1d...[0m
[0;32mI (205) cpu_start: ESP-IDF:          v5.2.2-dirty[0m
[0;32mI (210) cpu_start: Min chip rev:     v0.0[0m
[0;32mI (215) cpu_start: Max chip rev:     v3.99 [0m
[0;32mI (220) cpu_start: Chip rev:         v3.1[0m
[0;32mI (225) heap_init: Initializing. RAM available for dynamic allocation:[0m
[0;32mI (232) heap_init: At 3FFAE6E0 len 00001920 (6 KiB): DRAM[0m
[0;32mI (238) heap_init: At 3FFB2B18 len 0002D4E8 (181 KiB): DRAM[0m
[0;32mI (244) heap_init: At 3FFE0440 len 00003AE0 (14 KiB): D/IRAM[0m
[0;32mI (250) heap_init: At 3FFE4350 len 0001BCB0 (111 KiB): D/IRAM[0m
[0;32mI (257) heap_init: At 4008C784 len 0001387C (78 KiB): IRAM[0m
[0;32mI (265) spi_flash: detected chip: generic[0m
[0;32mI (268) spi_flash: flash io: dio[0m
[0;33mW (272) spi_flash: Detected size(4096k) larger than the size in the binary image header(2048k). Using the size in the binary image header.[0m
[0;32mI (286) main_task: Started on CPU0[0m
[0;32mI (296) main_task: Calling app_main()[0m
[0;32mI (296) main_task: Returned from app_main()[0m
[0;31mE (796) FreeRTOS: FreeRTOS Task "buzzer_task" should not return, Aborting now![0m

abort() was called at PC 0x40086043 on core 0


Backtrace: 0x400815ea:0x3ffb6260 0x400857c1:0x3ffb6280 0x4008b0c9:0x3ffb62a0 0x40086043:0x3ffb6310




ELF file SHA256: e772c4f1d

Rebooting...
[0;32mI (13) boot: ESP-IDF v5.2.2-dirty 2nd stage bootloader[0m
[0;32mI (13) boot: compile time Oct 12 2024 03:31:17[0m
[0;32mI (13) boot: Multicore bootloader[0m
[0;32mI (17) boot: chip revision: v3.1[0m
[0;32mI (21) boot.esp32: SPI Speed      : 40MHz[0m
[0;32mI (25) boot.esp32: SPI Mode       : DIO[0m
[0;32mI (30) boot.esp32: SPI Flash Size : 2MB[0m
[0;32mI (34) boot: Enabling RNG early entropy source...[0m
[0;32mI (40) boot: Partition Table:[0m
[0;32mI (43) boot: ## Label            Usage          Type ST Offset   Length[0m
[0;32mI (51) boot:  0 nvs              WiFi data        01 02 00009000 00006000[0m
[0;32mI (58) boot:  1 phy_init         RF data          01 01 0000f000 00001000[0m
[0;32mI (65) boot:  2 factory          factory app      00 00 00010000 00100000[0m
[0;32mI (73) boot: End of partition table[0m
[0;32mI (77) esp_image: segment 0: paddr=00010020 vaddr=3f400020 size=097fch ( 38908) map[0m
[0;32mI (99) esp_image: segment 1: paddr=00019824 vaddr=3ffb0000 size=02254h (  8788) load[0m
[0;32mI (102) esp_image: segment 2: paddr=0001ba80 vaddr=40080000 size=04598h ( 17816) load[0m
[0;32mI (112) esp_image: segment 3: paddr=00020020 vaddr=400d0020 size=13aa4h ( 80548) map[0m
[0;32mI (141) esp_image: segment 4: paddr=00033acc vaddr=40084598 size=081ech ( 33260) load[0m
[0;32mI (160) boot: Loaded app from partition at offset 0x10000[0m
[0;32mI (160) boot: Disabling RNG early entropy source...[0m
[0;32mI (172) cpu_start: Multicore app[0m
[0;32mI (181) cpu_start: Pro cpu start user code[0m
[0;32mI (181) cpu_start: cpu freq: 160000000 Hz[0m
[0;32mI (181) cpu_start: Application information:[0m
[0;32mI (184) cpu_start: Project name:     hello_world[0m
[0;32mI (189) cpu_start: App version:      1[0m
[0;32mI (193) cpu_start: Compile time:     Oct 12 2024 03:30:35[0m
[0;32mI (200) cpu_start: ELF file SHA256:  e772c4f1d...[0m
[0;32mI (205) cpu_start: ESP-IDF:          v5.2.2-dirty[0m
[0;32mI (210) cpu_start: Min chip rev:     v0.0[0m
[0;32mI (215) cpu_start: Max chip rev:     v3.99 [0m
[0;32mI (220) cpu_start: Chip rev:         v3.1[0m
[0;32mI (225) heap_init: Initializing. RAM available for dynamic allocation:[0m
[0;32mI (232) heap_init: At 3FFAE6E0 len 00001920 (6 KiB): DRAM[0m
[0;32mI (238) heap_init: At 3FFB2B18 len 0002D4E8 (181 KiB): DRAM[0m
[0;32mI (244) heap_init: At 3FFE0440 len 00003AE0 (14 KiB): D/IRAM[0m
[0;32mI (250) heap_init: At 3FFE4350 len 0001BCB0 (111 KiB): D/IRAM[0m
[0;32mI (257) heap_init: At 4008C784 len 0001387C (78 KiB): IRAM[0m
[0;32mI (264) spi_flash: detected chip: generic[0m
[0;32mI (268) spi_flash: flash io: dio[0m
[0;33mW (272) spi_flash: Detected size(4096k) larger than the size in the binary image header(2048k). Using the size in the binary image header.[0m
[0;32mI (286) main_task: Started on CPU0[0m
[0;32mI (296) main_task: Calling app_main()[0m
[0;32mI (296) main_task: Returned from app_main()[0m
[0;31mE (796) FreeRTOS: FreeRTOS Task "buzzer_task" should not return, Aborting now![0m

abort() was called at PC 0x40086043 on core 0


Backtrace: 0x400815ea:0x3ffb6260 0x400857c1:0x3ffb6280 0x4008b0c9:0x3ffb62a0 0x40086043:0x3ffb6310




ELF file SHA256: e772c4f1d

Rebooting...
[0;32mI (13) boot: ESP-IDF v5.2.2-dirty 2nd stage bootloader[0m
[0;32mI (13) boot: compile time Oct 12 2024 03:31:17[0m
[0;32mI (13) boot: Multicore bootloader[0m
[0;32mI (17) boot: chip revision: v3.1[0m
[0;32mI (21) boot.esp32: SPI Speed      : 40MHz[0m
[0;32mI (25) boot.esp32: SPI Mode       : DIO[0m
[0;32mI (30) boot.esp32: SPI Flash Size : 2MB[0m
[0;32mI (34) boot: Enabling RNG early entropy source...[0m
[0;32mI (40) boot: Partition Table:[0m
[0;32mI (43) boot: ## Label            Usage          Type ST Offset   Length[0m
[0;32mI (51) boot:  0 nvs              WiFi data        01 02 00009000 00006000[0m
[0;32mI (58) boot:  1 phy_init         RF data          01 01 0000f000 00001000[0m
[0;32mI (65) boot:  2 factory          factory app      00 00 00010000 00100000[0m
[0;32mI (73) boot: End of partition table[0m
[0;32mI (77) esp_image: segment 0: paddr=00010020 vaddr=3f400020 size=097fch ( 38908) map[0m
[0;32mI (99) esp_image: segment 1: paddr=00019824 vaddr=3ffb0000 size=02254h (  8788) load[0m
[0;32mI (102) esp_image: segment 2: paddr=0001ba80 vaddr=40080000 size=04598h ( 17816) load[0m
[0;32mI (112) esp_image: segment 3: paddr=00020020 vaddr=400d0020 size=13aa4h ( 80548) map[0m
[0;32mI (141) esp_image: segment 4: paddr=00033acc vaddr=40084598 size=081ech ( 33260) load[0m
[0;32mI (160) boot: Loaded app from partition at offset 0x10000[0m
[0;32mI (160) boot: Disabling RNG early entropy source...[0m
[0;32mI (172) cpu_start: Multicore app[0m
[0;32mI (181) cpu_start: Pro cpu start user code[0m
[0;32mI (181) cpu_start: cpu freq: 160000000 Hz[0m
[0;32mI (181) cpu_start: Application information:[0m
[0;32mI (184) cpu_start: Project name:     hello_world[0m
[0;32mI (189) cpu_start: App version:      1[0m
[0;32mI (193) cpu_start: Compile time:     Oct 12 2024 03:30:35[0m
[0;32mI (200) cpu_start: ELF file SHA256:  e772c4f1d...[0m
[0;32mI (205) cpu_start: ESP-IDF:          v5.2.2-dirty[0m
[0;32mI (210) cpu_start: Min chip rev:     v0.0[0m
[0;32mI (215) cpu_start: Max chip rev:     v3.99 [0m
[0;32mI (220) cpu_start: Chip rev:         v3.1[0m
[0;32mI (225) heap_init: Initializing. RAM available for dynamic allocation:[0m
[0;32mI (232) heap_init: At 3FFAE6E0 len 00001920 (6 KiB): DRAM[0m
[0;32mI (238) heap_init: At 3FFB2B18 len 0002D4E8 (181 KiB): DRAM[0m
[0;32mI (244) heap_init: At 3FFE0440 len 00003AE0 (14 KiB): D/IRAM[0m
[0;32mI (250) heap_init: At 3FFE4350 len 0001BCB0 (111 KiB): D/IRAM[0m
[0;32mI (257) heap_init: At 4008C784 len 0001387C (78 KiB): IRAM[0m
[0;32mI (265) spi_flash: detected chip: generic[0m
[0;32mI (268) spi_flash: flash io: dio[0m
[0;33mW (272) spi_flash: Detected size(4096k) larger than the size in the binary image header(2048k). Using the size in the binary image header.[0m
[0;32mI (286) main_task: Started on CPU0[0m
[0;32mI (296) main_task: Calling app_main()[0m
[0;32mI (296) main_task: Returned from app_main()[0m
